ARM GAS  C:\Users\SEBAST~3\AppData\Local\Temp\ccvtMGxK.s 			page 1


   1              		.syntax unified
   2              		.cpu cortex-m3
   3              		.fpu softvfp
   4              		.eabi_attribute 20, 1
   5              		.eabi_attribute 21, 1
   6              		.eabi_attribute 23, 3
   7              		.eabi_attribute 24, 1
   8              		.eabi_attribute 25, 1
   9              		.eabi_attribute 26, 1
  10              		.eabi_attribute 30, 6
  11              		.eabi_attribute 34, 1
  12              		.eabi_attribute 18, 4
  13              		.thumb
  14              		.syntax unified
  15              		.file	"main.c"
  16              		.text
  17              	.Ltext0:
  18              		.cfi_sections	.debug_frame
  19              		.syntax unified
  20              		.global _printf_float
  21              		.thumb
  22              		.syntax unified
  23              		.global	parity
  24              		.section	.rodata
  25              		.align	2
  26              	.LC0:
  27 0000 4E6F6E65 		.ascii	"None\000"
  27      00
  28 0005 000000   		.align	2
  29              	.LC1:
  30 0008 4F646400 		.ascii	"Odd\000"
  31              		.align	2
  32              	.LC2:
  33 000c 4576656E 		.ascii	"Even\000"
  33      00
  34 0011 000000   		.align	2
  35              	.LC3:
  36 0014 4D61726B 		.ascii	"Mark\000"
  36      00
  37 0019 000000   		.align	2
  38              	.LC4:
  39 001c 53706163 		.ascii	"Space\000"
  39      6500
  40              		.data
  41              		.align	2
  42              		.type	parity, %object
  43              		.size	parity, 20
  44              	parity:
  45 0000 00000000 		.word	.LC0
  46 0004 08000000 		.word	.LC1
  47 0008 0C000000 		.word	.LC2
  48 000c 14000000 		.word	.LC3
  49 0010 1C000000 		.word	.LC4
  50              		.global	stop
  51              		.section	.rodata
  52 0022 0000     		.align	2
  53              	.LC5:
ARM GAS  C:\Users\SEBAST~3\AppData\Local\Temp\ccvtMGxK.s 			page 2


  54 0024 3100     		.ascii	"1\000"
  55 0026 0000     		.align	2
  56              	.LC6:
  57 0028 312E3500 		.ascii	"1.5\000"
  58              		.align	2
  59              	.LC7:
  60 002c 3200     		.ascii	"2\000"
  61              		.data
  62              		.align	2
  63              		.type	stop, %object
  64              		.size	stop, 12
  65              	stop:
  66 0014 24000000 		.word	.LC5
  67 0018 28000000 		.word	.LC6
  68 001c 2C000000 		.word	.LC7
  69              		.section	.rodata
  70 002e 0000     		.align	2
  71              	.LC8:
  72 0030 4D61654D 		.ascii	"MaeMaeMae\000"
  72      61654D61 
  72      6500
  73 003a 0000     		.align	2
  74              	.LC9:
  75 003c 42523A25 		.ascii	"BR:%4ld %d%c%s\000"
  75      346C6420 
  75      25642563 
  75      257300
  76 004b 00       		.align	2
  77              	.LC10:
  78 004c 20202020 		.ascii	"                    \000"
  78      20202020 
  78      20202020 
  78      20202020 
  78      20202020 
  79 0061 000000   		.align	2
  80              	.LC11:
  81 0064 4F4E00   		.ascii	"ON\000"
  82 0067 00       		.align	2
  83              	.LC12:
  84 0068 4F464600 		.ascii	"OFF\000"
  85              		.align	2
  86              	.LC13:
  87 006c 4454523A 		.ascii	"DTR:%s,RTS:%s\000"
  87      25732C52 
  87      54533A25 
  87      7300
  88              		.section	.text.main,"ax",%progbits
  89              		.align	2
  90              		.global	main
  91              		.thumb
  92              		.thumb_func
  93              		.type	main, %function
  94              	main:
  95              	.LFB64:
  96              		.file 1 "main.c"
   1:main.c        **** /*******************************************************************************
   2:main.c        **** * File Name: main.c
ARM GAS  C:\Users\SEBAST~3\AppData\Local\Temp\ccvtMGxK.s 			page 3


   3:main.c        **** *
   4:main.c        **** * Version: 2.0
   5:main.c        **** *
   6:main.c        **** * Description:
   7:main.c        **** *   The component is enumerated as a Virtual Com port. Receives data from the 
   8:main.c        **** *   hyper terminal, then sends back the received data.
   9:main.c        **** *   For PSoC3/PSoC5LP, the LCD shows the line settings.
  10:main.c        **** *
  11:main.c        **** * Related Document:
  12:main.c        **** *  Universal Serial Bus Specification Revision 2.0
  13:main.c        **** *  Universal Serial Bus Class Definitions for Communications Devices
  14:main.c        **** *  Revision 1.2
  15:main.c        **** *
  16:main.c        **** ********************************************************************************
  17:main.c        **** * Copyright 2015, Cypress Semiconductor Corporation. All rights reserved.
  18:main.c        **** * This software is owned by Cypress Semiconductor Corporation and is protected
  19:main.c        **** * by and subject to worldwide patent and copyright laws and treaties.
  20:main.c        **** * Therefore, you may use this software only as provided in the license agreement
  21:main.c        **** * accompanying the software package from which you obtained this software.
  22:main.c        **** * CYPRESS AND ITS SUPPLIERS MAKE NO WARRANTY OF ANY KIND, EXPRESS OR IMPLIED,
  23:main.c        **** * WITH REGARD TO THIS SOFTWARE, INCLUDING, BUT NOT LIMITED TO, NONINFRINGEMENT,
  24:main.c        **** * IMPLIED WARRANTIES OF MERCHANTABILITY AND FITNESS FOR A PARTICULAR PURPOSE.
  25:main.c        **** *******************************************************************************/
  26:main.c        **** 
  27:main.c        **** #include <project.h>
  28:main.c        **** #include "stdio.h"
  29:main.c        **** 
  30:main.c        **** #if defined (__GNUC__)
  31:main.c        ****     /* Add an explicit reference to the floating point printf library */
  32:main.c        ****     /* to allow usage of the floating point conversion specifiers. */
  33:main.c        ****     /* This is not linked in by default with the newlib-nano library. */
  34:main.c        ****     asm (".global _printf_float");
  35:main.c        **** #endif
  36:main.c        **** 
  37:main.c        **** #define USBFS_DEVICE    (0u)
  38:main.c        **** 
  39:main.c        **** /* The buffer size is equal to the maximum packet size of the IN and OUT bulk
  40:main.c        **** * endpoints.
  41:main.c        **** */
  42:main.c        **** #define USBUART_BUFFER_SIZE (64u)
  43:main.c        **** #define LINE_STR_LENGTH     (20u)
  44:main.c        **** 
  45:main.c        **** char8* parity[] = {"None", "Odd", "Even", "Mark", "Space"};
  46:main.c        **** char8* stop[]   = {"1", "1.5", "2"};
  47:main.c        **** 
  48:main.c        **** 
  49:main.c        **** /*******************************************************************************
  50:main.c        **** * Function Name: main
  51:main.c        **** ********************************************************************************
  52:main.c        **** *
  53:main.c        **** * Summary:
  54:main.c        **** *  The main function performs the following actions:
  55:main.c        **** *   1. Waits until VBUS becomes valid and starts the USBFS component which is
  56:main.c        **** *      enumerated as virtual Com port.
  57:main.c        **** *   2. Waits until the device is enumerated by the host.
  58:main.c        **** *   3. Waits for data coming from the hyper terminal and sends it back.
  59:main.c        **** *   4. PSoC3/PSoC5LP: the LCD shows the line settings.
ARM GAS  C:\Users\SEBAST~3\AppData\Local\Temp\ccvtMGxK.s 			page 4


  60:main.c        **** *
  61:main.c        **** * Parameters:
  62:main.c        **** *  None.
  63:main.c        **** *
  64:main.c        **** * Return:
  65:main.c        **** *  None.
  66:main.c        **** *
  67:main.c        **** *******************************************************************************/
  68:main.c        **** int main()
  69:main.c        **** {
  97              		.loc 1 69 0
  98              		.cfi_startproc
  99              		@ args = 0, pretend = 0, frame = 88
 100              		@ frame_needed = 1, uses_anonymous_args = 0
 101 0000 F0B5     		push	{r4, r5, r6, r7, lr}
 102              		.cfi_def_cfa_offset 20
 103              		.cfi_offset 4, -20
 104              		.cfi_offset 5, -16
 105              		.cfi_offset 6, -12
 106              		.cfi_offset 7, -8
 107              		.cfi_offset 14, -4
 108 0002 99B0     		sub	sp, sp, #100
 109              		.cfi_def_cfa_offset 120
 110 0004 02AF     		add	r7, sp, #8
 111              		.cfi_def_cfa 7, 112
  70:main.c        ****     uint16 count;
  71:main.c        ****     uint8 buffer[USBUART_BUFFER_SIZE];
  72:main.c        ****     int8 output;
  73:main.c        ****     int8 output2;
  74:main.c        ****     int8 pwm;
  75:main.c        ****     int8 pwm2;
  76:main.c        ****     
  77:main.c        ****     //Iniciar Componentes
  78:main.c        ****     
  79:main.c        ****     
  80:main.c        ****     
  81:main.c        **** #if (CY_PSOC3 || CY_PSOC5LP)
  82:main.c        ****     uint8 state;
  83:main.c        ****     char8 lineStr[LINE_STR_LENGTH];
  84:main.c        ****     
  85:main.c        ****     LCD_Start();
 112              		.loc 1 85 0
 113 0006 FFF7FEFF 		bl	LCD_Start
  86:main.c        **** #endif /* (CY_PSOC3 || CY_PSOC5LP) */
  87:main.c        ****     
  88:main.c        ****     CyGlobalIntEnable;
 114              		.loc 1 88 0
 115              		.syntax unified
 116              	@ 88 "main.c" 1
 117 000a 62B6     		CPSIE   i
 118              	@ 0 "" 2
  89:main.c        **** 
  90:main.c        ****     /* Start USBFS operation with 5-V operation. */
  91:main.c        ****     USBUART_Start(USBFS_DEVICE, USBUART_5V_OPERATION);
 119              		.loc 1 91 0
 120              		.thumb
 121              		.syntax unified
ARM GAS  C:\Users\SEBAST~3\AppData\Local\Temp\ccvtMGxK.s 			page 5


 122 000c 0121     		movs	r1, #1
 123 000e 0020     		movs	r0, #0
 124 0010 FFF7FEFF 		bl	USBUART_Start
 125              	.L12:
  92:main.c        ****     
  93:main.c        ****     for(;;)
  94:main.c        ****     {
  95:main.c        ****         /* Host can send double SET_INTERFACE request. */
  96:main.c        ****         if (0u != USBUART_IsConfigurationChanged())
 126              		.loc 1 96 0
 127 0014 FFF7FEFF 		bl	USBUART_IsConfigurationChanged
 128 0018 0346     		mov	r3, r0
 129 001a 002B     		cmp	r3, #0
 130 001c 06D0     		beq	.L2
  97:main.c        ****         {
  98:main.c        ****             /* Initialize IN endpoints when device is configured. */
  99:main.c        ****             if (0u != USBUART_GetConfiguration())
 131              		.loc 1 99 0
 132 001e FFF7FEFF 		bl	USBUART_GetConfiguration
 133 0022 0346     		mov	r3, r0
 134 0024 002B     		cmp	r3, #0
 135 0026 01D0     		beq	.L2
 100:main.c        ****             {
 101:main.c        ****                 /* Enumeration is done, enable OUT endpoint to receive data 
 102:main.c        ****                  * from host. */
 103:main.c        ****                 USBUART_CDC_Init();
 136              		.loc 1 103 0
 137 0028 FFF7FEFF 		bl	USBUART_CDC_Init
 138              	.L2:
 104:main.c        ****             }
 105:main.c        ****         }
 106:main.c        **** 
 107:main.c        ****         /* Service USB CDC when device is configured. */
 108:main.c        ****         if (0u != USBUART_GetConfiguration())
 139              		.loc 1 108 0
 140 002c FFF7FEFF 		bl	USBUART_GetConfiguration
 141 0030 0346     		mov	r3, r0
 142 0032 002B     		cmp	r3, #0
 143 0034 EED0     		beq	.L12
 109:main.c        ****         {
 110:main.c        ****             /* Check for input data from host. */
 111:main.c        ****             if (0u != USBUART_DataIsReady())
 144              		.loc 1 111 0
 145 0036 FFF7FEFF 		bl	USBUART_DataIsReady
 146 003a 0346     		mov	r3, r0
 147 003c 002B     		cmp	r3, #0
 148 003e 22D0     		beq	.L4
 112:main.c        ****             {
 113:main.c        ****                 /* Read received data and re-enable OUT endpoint. */
 114:main.c        ****                 count = USBUART_GetAll(buffer);
 149              		.loc 1 114 0
 150 0040 07F11403 		add	r3, r7, #20
 151 0044 1846     		mov	r0, r3
 152 0046 FFF7FEFF 		bl	USBUART_GetAll
 153 004a 0346     		mov	r3, r0
 154 004c A7F85430 		strh	r3, [r7, #84]	@ movhi
 115:main.c        **** 
ARM GAS  C:\Users\SEBAST~3\AppData\Local\Temp\ccvtMGxK.s 			page 6


 116:main.c        ****                 if (0u != count)
 155              		.loc 1 116 0
 156 0050 B7F85430 		ldrh	r3, [r7, #84]
 157 0054 002B     		cmp	r3, #0
 158 0056 16D0     		beq	.L4
 117:main.c        ****                 {
 118:main.c        ****                     /* Wait until component is ready to send data to host. */
 119:main.c        ****                     while (0u == USBUART_CDCIsReady())
 159              		.loc 1 119 0
 160 0058 00BF     		nop
 161              	.L5:
 162              		.loc 1 119 0 is_stmt 0 discriminator 1
 163 005a FFF7FEFF 		bl	USBUART_CDCIsReady
 164 005e 0346     		mov	r3, r0
 165 0060 002B     		cmp	r3, #0
 166 0062 FAD0     		beq	.L5
 120:main.c        ****                     {
 121:main.c        ****                     }
 122:main.c        **** 
 123:main.c        ****                     /* Send data back to host. */
 124:main.c        ****                     USBUART_PutString("MaeMaeMae");
 167              		.loc 1 124 0 is_stmt 1
 168 0064 3F48     		ldr	r0, .L13
 169 0066 FFF7FEFF 		bl	USBUART_PutString
 125:main.c        **** 
 126:main.c        ****                     /* If the last sent packet is exactly the maximum packet 
 127:main.c        ****                     *  size, it is followed by a zero-length packet to assure
 128:main.c        ****                     *  that the end of the segment is properly identified by 
 129:main.c        ****                     *  the terminal.
 130:main.c        ****                     */
 131:main.c        ****                     if (USBUART_BUFFER_SIZE == count)
 170              		.loc 1 131 0
 171 006a B7F85430 		ldrh	r3, [r7, #84]
 172 006e 402B     		cmp	r3, #64
 173 0070 09D1     		bne	.L4
 132:main.c        ****                     {
 133:main.c        ****                         /* Wait until component is ready to send data to PC. */
 134:main.c        ****                         while (0u == USBUART_CDCIsReady())
 174              		.loc 1 134 0
 175 0072 00BF     		nop
 176              	.L6:
 177              		.loc 1 134 0 is_stmt 0 discriminator 1
 178 0074 FFF7FEFF 		bl	USBUART_CDCIsReady
 179 0078 0346     		mov	r3, r0
 180 007a 002B     		cmp	r3, #0
 181 007c FAD0     		beq	.L6
 135:main.c        ****                         {
 136:main.c        ****                         }
 137:main.c        **** 
 138:main.c        ****                         /* Send zero-length packet to PC. */
 139:main.c        ****                         USBUART_PutData(NULL, 0u);
 182              		.loc 1 139 0 is_stmt 1
 183 007e 0021     		movs	r1, #0
 184 0080 0020     		movs	r0, #0
 185 0082 FFF7FEFF 		bl	USBUART_PutData
 186              	.L4:
 140:main.c        ****                     }
ARM GAS  C:\Users\SEBAST~3\AppData\Local\Temp\ccvtMGxK.s 			page 7


 141:main.c        ****                 }
 142:main.c        ****             }
 143:main.c        **** 
 144:main.c        **** 
 145:main.c        ****         #if (CY_PSOC3 || CY_PSOC5LP)
 146:main.c        ****             /* Check for Line settings change. */
 147:main.c        ****             state = USBUART_IsLineChanged();
 187              		.loc 1 147 0
 188 0086 FFF7FEFF 		bl	USBUART_IsLineChanged
 189 008a 0346     		mov	r3, r0
 190 008c 87F85730 		strb	r3, [r7, #87]
 148:main.c        ****             if (0u != state)
 191              		.loc 1 148 0
 192 0090 97F85730 		ldrb	r3, [r7, #87]	@ zero_extendqisi2
 193 0094 002B     		cmp	r3, #0
 194 0096 BDD0     		beq	.L12
 149:main.c        ****             {
 150:main.c        ****                 /* Output on LCD Line Coding settings. */
 151:main.c        ****                 if (0u != (state & USBUART_LINE_CODING_CHANGED))
 195              		.loc 1 151 0
 196 0098 97F85730 		ldrb	r3, [r7, #87]	@ zero_extendqisi2
 197 009c 03F00103 		and	r3, r3, #1
 198 00a0 002B     		cmp	r3, #0
 199 00a2 2DD0     		beq	.L7
 152:main.c        ****                 {                  
 153:main.c        ****                     /* Get string to output. */
 154:main.c        ****                     sprintf(lineStr,"BR:%4ld %d%c%s", USBUART_GetDTERate(),\
 200              		.loc 1 154 0
 201 00a4 FFF7FEFF 		bl	USBUART_GetDTERate
 202 00a8 0546     		mov	r5, r0
 155:main.c        ****                                    (uint16) USBUART_GetDataBits(),\
 203              		.loc 1 155 0
 204 00aa FFF7FEFF 		bl	USBUART_GetDataBits
 205 00ae 0346     		mov	r3, r0
 154:main.c        ****                                    (uint16) USBUART_GetDataBits(),\
 206              		.loc 1 154 0
 207 00b0 1E46     		mov	r6, r3
 156:main.c        ****                                    parity[(uint16) USBUART_GetParityType()][0],\
 208              		.loc 1 156 0
 209 00b2 FFF7FEFF 		bl	USBUART_GetParityType
 210 00b6 0346     		mov	r3, r0
 211 00b8 1A46     		mov	r2, r3
 212 00ba 2B4B     		ldr	r3, .L13+4
 213 00bc 53F82230 		ldr	r3, [r3, r2, lsl #2]
 214 00c0 1B78     		ldrb	r3, [r3]	@ zero_extendqisi2
 154:main.c        ****                                    (uint16) USBUART_GetDataBits(),\
 215              		.loc 1 154 0
 216 00c2 1C46     		mov	r4, r3
 157:main.c        ****                                    stop[(uint16) USBUART_GetCharFormat()]);
 217              		.loc 1 157 0
 218 00c4 FFF7FEFF 		bl	USBUART_GetCharFormat
 219 00c8 0346     		mov	r3, r0
 154:main.c        ****                                    (uint16) USBUART_GetDataBits(),\
 220              		.loc 1 154 0
 221 00ca 1A46     		mov	r2, r3
 222 00cc 274B     		ldr	r3, .L13+8
 223 00ce 53F82230 		ldr	r3, [r3, r2, lsl #2]
ARM GAS  C:\Users\SEBAST~3\AppData\Local\Temp\ccvtMGxK.s 			page 8


 224 00d2 3846     		mov	r0, r7
 225 00d4 0193     		str	r3, [sp, #4]
 226 00d6 0094     		str	r4, [sp]
 227 00d8 3346     		mov	r3, r6
 228 00da 2A46     		mov	r2, r5
 229 00dc 2449     		ldr	r1, .L13+12
 230 00de FFF7FEFF 		bl	sprintf
 158:main.c        **** 
 159:main.c        ****                     /* Clear LCD line. */
 160:main.c        ****                     LCD_Position(0u, 0u);
 231              		.loc 1 160 0
 232 00e2 0021     		movs	r1, #0
 233 00e4 0020     		movs	r0, #0
 234 00e6 FFF7FEFF 		bl	LCD_Position
 161:main.c        ****                     LCD_PrintString("                    ");
 235              		.loc 1 161 0
 236 00ea 2248     		ldr	r0, .L13+16
 237 00ec FFF7FEFF 		bl	LCD_PrintString
 162:main.c        **** 
 163:main.c        ****                     /* Output string on LCD. */
 164:main.c        ****                     LCD_Position(0u, 0u);
 238              		.loc 1 164 0
 239 00f0 0021     		movs	r1, #0
 240 00f2 0020     		movs	r0, #0
 241 00f4 FFF7FEFF 		bl	LCD_Position
 165:main.c        ****                     LCD_PrintString(lineStr);
 242              		.loc 1 165 0
 243 00f8 3B46     		mov	r3, r7
 244 00fa 1846     		mov	r0, r3
 245 00fc FFF7FEFF 		bl	LCD_PrintString
 246              	.L7:
 166:main.c        ****                 }
 167:main.c        **** 
 168:main.c        ****                 /* Output on LCD Line Control settings. */
 169:main.c        ****                 if (0u != (state & USBUART_LINE_CONTROL_CHANGED))
 247              		.loc 1 169 0
 248 0100 97F85730 		ldrb	r3, [r7, #87]	@ zero_extendqisi2
 249 0104 03F00203 		and	r3, r3, #2
 250 0108 002B     		cmp	r3, #0
 251 010a 83D0     		beq	.L12
 170:main.c        ****                 {                   
 171:main.c        ****                     /* Get string to output. */
 172:main.c        ****                     state = USBUART_GetLineControl();
 252              		.loc 1 172 0
 253 010c FFF7FEFF 		bl	USBUART_GetLineControl
 254 0110 0346     		mov	r3, r0
 255 0112 87F85730 		strb	r3, [r7, #87]
 173:main.c        ****                     sprintf(lineStr,"DTR:%s,RTS:%s",  (0u != (state & USBUART_LINE_CONTROL_DTR)) ? 
 256              		.loc 1 173 0
 257 0116 97F85730 		ldrb	r3, [r7, #87]	@ zero_extendqisi2
 258 011a 03F00103 		and	r3, r3, #1
 259 011e 002B     		cmp	r3, #0
 260 0120 01D0     		beq	.L8
 261              		.loc 1 173 0 is_stmt 0 discriminator 1
 262 0122 154A     		ldr	r2, .L13+20
 263 0124 00E0     		b	.L9
 264              	.L8:
ARM GAS  C:\Users\SEBAST~3\AppData\Local\Temp\ccvtMGxK.s 			page 9


 265              		.loc 1 173 0 discriminator 2
 266 0126 154A     		ldr	r2, .L13+24
 267              	.L9:
 174:main.c        ****                                                       (0u != (state & USBUART_LINE_CONTROL_RTS)) ? 
 268              		.loc 1 174 0 is_stmt 1 discriminator 4
 269 0128 97F85730 		ldrb	r3, [r7, #87]	@ zero_extendqisi2
 270 012c 03F00203 		and	r3, r3, #2
 173:main.c        ****                     sprintf(lineStr,"DTR:%s,RTS:%s",  (0u != (state & USBUART_LINE_CONTROL_DTR)) ? 
 271              		.loc 1 173 0 discriminator 4
 272 0130 002B     		cmp	r3, #0
 273 0132 01D0     		beq	.L10
 173:main.c        ****                     sprintf(lineStr,"DTR:%s,RTS:%s",  (0u != (state & USBUART_LINE_CONTROL_DTR)) ? 
 274              		.loc 1 173 0 is_stmt 0 discriminator 5
 275 0134 104B     		ldr	r3, .L13+20
 276 0136 00E0     		b	.L11
 277              	.L10:
 173:main.c        ****                     sprintf(lineStr,"DTR:%s,RTS:%s",  (0u != (state & USBUART_LINE_CONTROL_DTR)) ? 
 278              		.loc 1 173 0 discriminator 6
 279 0138 104B     		ldr	r3, .L13+24
 280              	.L11:
 173:main.c        ****                     sprintf(lineStr,"DTR:%s,RTS:%s",  (0u != (state & USBUART_LINE_CONTROL_DTR)) ? 
 281              		.loc 1 173 0 discriminator 8
 282 013a 3846     		mov	r0, r7
 283 013c 1049     		ldr	r1, .L13+28
 284 013e FFF7FEFF 		bl	sprintf
 175:main.c        **** 
 176:main.c        ****                     /* Clear LCD line. */
 177:main.c        ****                     LCD_Position(1u, 0u);
 285              		.loc 1 177 0 is_stmt 1 discriminator 8
 286 0142 0021     		movs	r1, #0
 287 0144 0120     		movs	r0, #1
 288 0146 FFF7FEFF 		bl	LCD_Position
 178:main.c        ****                     LCD_PrintString("                    ");
 289              		.loc 1 178 0 discriminator 8
 290 014a 0A48     		ldr	r0, .L13+16
 291 014c FFF7FEFF 		bl	LCD_PrintString
 179:main.c        **** 
 180:main.c        ****                     /* Output string on LCD. */
 181:main.c        ****                     LCD_Position(1u, 0u);
 292              		.loc 1 181 0 discriminator 8
 293 0150 0021     		movs	r1, #0
 294 0152 0120     		movs	r0, #1
 295 0154 FFF7FEFF 		bl	LCD_Position
 182:main.c        ****                     LCD_PrintString(lineStr);
 296              		.loc 1 182 0 discriminator 8
 297 0158 3B46     		mov	r3, r7
 298 015a 1846     		mov	r0, r3
 299 015c FFF7FEFF 		bl	LCD_PrintString
 183:main.c        ****                 }
 184:main.c        ****             }
 185:main.c        ****         #endif /* (CY_PSOC3 || CY_PSOC5LP) */
 186:main.c        ****         }
 187:main.c        ****     }
 300              		.loc 1 187 0 discriminator 8
 301 0160 58E7     		b	.L12
 302              	.L14:
 303 0162 00BF     		.align	2
ARM GAS  C:\Users\SEBAST~3\AppData\Local\Temp\ccvtMGxK.s 			page 10


 304              	.L13:
 305 0164 30000000 		.word	.LC8
 306 0168 00000000 		.word	parity
 307 016c 00000000 		.word	stop
 308 0170 3C000000 		.word	.LC9
 309 0174 4C000000 		.word	.LC10
 310 0178 64000000 		.word	.LC11
 311 017c 68000000 		.word	.LC12
 312 0180 6C000000 		.word	.LC13
 313              		.cfi_endproc
 314              	.LFE64:
 315              		.size	main, .-main
 316              		.text
 317              	.Letext0:
 318              		.file 2 "c:\\cypress\\psoc creator\\4.2\\psoc creator\\import\\gnu\\arm\\5.4.1\\arm-none-eabi\\inc
 319              		.file 3 "c:\\cypress\\psoc creator\\4.2\\psoc creator\\import\\gnu\\arm\\5.4.1\\arm-none-eabi\\inc
 320              		.file 4 "Generated_Source\\PSoC5/cytypes.h"
 321              		.file 5 "Generated_Source\\PSoC5/core_cm3.h"
 322              		.section	.debug_info,"",%progbits
 323              	.Ldebug_info0:
 324 0000 CA010000 		.4byte	0x1ca
 325 0004 0400     		.2byte	0x4
 326 0006 00000000 		.4byte	.Ldebug_abbrev0
 327 000a 04       		.byte	0x4
 328 000b 01       		.uleb128 0x1
 329 000c 00000000 		.4byte	.LASF30
 330 0010 0C       		.byte	0xc
 331 0011 92010000 		.4byte	.LASF31
 332 0015 5C010000 		.4byte	.LASF32
 333 0019 00000000 		.4byte	.Ldebug_ranges0+0
 334 001d 00000000 		.4byte	0
 335 0021 00000000 		.4byte	.Ldebug_line0
 336 0025 02       		.uleb128 0x2
 337 0026 01       		.byte	0x1
 338 0027 06       		.byte	0x6
 339 0028 B2000000 		.4byte	.LASF0
 340 002c 02       		.uleb128 0x2
 341 002d 01       		.byte	0x1
 342 002e 08       		.byte	0x8
 343 002f BE000000 		.4byte	.LASF1
 344 0033 02       		.uleb128 0x2
 345 0034 02       		.byte	0x2
 346 0035 05       		.byte	0x5
 347 0036 A4010000 		.4byte	.LASF2
 348 003a 02       		.uleb128 0x2
 349 003b 02       		.byte	0x2
 350 003c 07       		.byte	0x7
 351 003d E4000000 		.4byte	.LASF3
 352 0041 03       		.uleb128 0x3
 353 0042 9B000000 		.4byte	.LASF9
 354 0046 02       		.byte	0x2
 355 0047 3F       		.byte	0x3f
 356 0048 4C000000 		.4byte	0x4c
 357 004c 02       		.uleb128 0x2
 358 004d 04       		.byte	0x4
 359 004e 05       		.byte	0x5
 360 004f BB010000 		.4byte	.LASF4
ARM GAS  C:\Users\SEBAST~3\AppData\Local\Temp\ccvtMGxK.s 			page 11


 361 0053 02       		.uleb128 0x2
 362 0054 04       		.byte	0x4
 363 0055 07       		.byte	0x7
 364 0056 D2000000 		.4byte	.LASF5
 365 005a 02       		.uleb128 0x2
 366 005b 08       		.byte	0x8
 367 005c 05       		.byte	0x5
 368 005d 84010000 		.4byte	.LASF6
 369 0061 02       		.uleb128 0x2
 370 0062 08       		.byte	0x8
 371 0063 07       		.byte	0x7
 372 0064 34010000 		.4byte	.LASF7
 373 0068 04       		.uleb128 0x4
 374 0069 04       		.byte	0x4
 375 006a 05       		.byte	0x5
 376 006b 696E7400 		.ascii	"int\000"
 377 006f 02       		.uleb128 0x2
 378 0070 04       		.byte	0x4
 379 0071 07       		.byte	0x7
 380 0072 27010000 		.4byte	.LASF8
 381 0076 03       		.uleb128 0x3
 382 0077 4B010000 		.4byte	.LASF10
 383 007b 03       		.byte	0x3
 384 007c 2C       		.byte	0x2c
 385 007d 41000000 		.4byte	0x41
 386 0081 05       		.uleb128 0x5
 387 0082 B5010000 		.4byte	.LASF11
 388 0086 04       		.byte	0x4
 389 0087 E401     		.2byte	0x1e4
 390 0089 2C000000 		.4byte	0x2c
 391 008d 05       		.uleb128 0x5
 392 008e 1B010000 		.4byte	.LASF12
 393 0092 04       		.byte	0x4
 394 0093 E501     		.2byte	0x1e5
 395 0095 3A000000 		.4byte	0x3a
 396 0099 05       		.uleb128 0x5
 397 009a 22010000 		.4byte	.LASF13
 398 009e 04       		.byte	0x4
 399 009f E701     		.2byte	0x1e7
 400 00a1 25000000 		.4byte	0x25
 401 00a5 02       		.uleb128 0x2
 402 00a6 04       		.byte	0x4
 403 00a7 04       		.byte	0x4
 404 00a8 AC000000 		.4byte	.LASF14
 405 00ac 02       		.uleb128 0x2
 406 00ad 08       		.byte	0x8
 407 00ae 04       		.byte	0x4
 408 00af A5000000 		.4byte	.LASF15
 409 00b3 05       		.uleb128 0x5
 410 00b4 CC000000 		.4byte	.LASF16
 411 00b8 04       		.byte	0x4
 412 00b9 F501     		.2byte	0x1f5
 413 00bb BF000000 		.4byte	0xbf
 414 00bf 02       		.uleb128 0x2
 415 00c0 01       		.byte	0x1
 416 00c1 08       		.byte	0x8
 417 00c2 99010000 		.4byte	.LASF17
ARM GAS  C:\Users\SEBAST~3\AppData\Local\Temp\ccvtMGxK.s 			page 12


 418 00c6 02       		.uleb128 0x2
 419 00c7 08       		.byte	0x8
 420 00c8 04       		.byte	0x4
 421 00c9 C4010000 		.4byte	.LASF18
 422 00cd 02       		.uleb128 0x2
 423 00ce 04       		.byte	0x4
 424 00cf 07       		.byte	0x7
 425 00d0 53010000 		.4byte	.LASF19
 426 00d4 06       		.uleb128 0x6
 427 00d5 16010000 		.4byte	.LASF33
 428 00d9 01       		.byte	0x1
 429 00da 44       		.byte	0x44
 430 00db 68000000 		.4byte	0x68
 431 00df 00000000 		.4byte	.LFB64
 432 00e3 84010000 		.4byte	.LFE64-.LFB64
 433 00e7 01       		.uleb128 0x1
 434 00e8 9C       		.byte	0x9c
 435 00e9 54010000 		.4byte	0x154
 436 00ed 07       		.uleb128 0x7
 437 00ee 9E010000 		.4byte	.LASF20
 438 00f2 01       		.byte	0x1
 439 00f3 46       		.byte	0x46
 440 00f4 8D000000 		.4byte	0x8d
 441 00f8 02       		.uleb128 0x2
 442 00f9 91       		.byte	0x91
 443 00fa 64       		.sleb128 -28
 444 00fb 07       		.uleb128 0x7
 445 00fc 94000000 		.4byte	.LASF21
 446 0100 01       		.byte	0x1
 447 0101 47       		.byte	0x47
 448 0102 54010000 		.4byte	0x154
 449 0106 03       		.uleb128 0x3
 450 0107 91       		.byte	0x91
 451 0108 A47F     		.sleb128 -92
 452 010a 08       		.uleb128 0x8
 453 010b AE010000 		.4byte	.LASF22
 454 010f 01       		.byte	0x1
 455 0110 48       		.byte	0x48
 456 0111 99000000 		.4byte	0x99
 457 0115 08       		.uleb128 0x8
 458 0116 0E010000 		.4byte	.LASF23
 459 011a 01       		.byte	0x1
 460 011b 49       		.byte	0x49
 461 011c 99000000 		.4byte	0x99
 462 0120 09       		.uleb128 0x9
 463 0121 70776D00 		.ascii	"pwm\000"
 464 0125 01       		.byte	0x1
 465 0126 4A       		.byte	0x4a
 466 0127 99000000 		.4byte	0x99
 467 012b 08       		.uleb128 0x8
 468 012c F7000000 		.4byte	.LASF24
 469 0130 01       		.byte	0x1
 470 0131 4B       		.byte	0x4b
 471 0132 99000000 		.4byte	0x99
 472 0136 07       		.uleb128 0x7
 473 0137 8E000000 		.4byte	.LASF25
 474 013b 01       		.byte	0x1
ARM GAS  C:\Users\SEBAST~3\AppData\Local\Temp\ccvtMGxK.s 			page 13


 475 013c 52       		.byte	0x52
 476 013d 81000000 		.4byte	0x81
 477 0141 02       		.uleb128 0x2
 478 0142 91       		.byte	0x91
 479 0143 67       		.sleb128 -25
 480 0144 07       		.uleb128 0x7
 481 0145 D7010000 		.4byte	.LASF26
 482 0149 01       		.byte	0x1
 483 014a 53       		.byte	0x53
 484 014b 64010000 		.4byte	0x164
 485 014f 03       		.uleb128 0x3
 486 0150 91       		.byte	0x91
 487 0151 907F     		.sleb128 -112
 488 0153 00       		.byte	0
 489 0154 0A       		.uleb128 0xa
 490 0155 81000000 		.4byte	0x81
 491 0159 64010000 		.4byte	0x164
 492 015d 0B       		.uleb128 0xb
 493 015e CD000000 		.4byte	0xcd
 494 0162 3F       		.byte	0x3f
 495 0163 00       		.byte	0
 496 0164 0A       		.uleb128 0xa
 497 0165 B3000000 		.4byte	0xb3
 498 0169 74010000 		.4byte	0x174
 499 016d 0B       		.uleb128 0xb
 500 016e CD000000 		.4byte	0xcd
 501 0172 13       		.byte	0x13
 502 0173 00       		.byte	0
 503 0174 0C       		.uleb128 0xc
 504 0175 01010000 		.4byte	.LASF27
 505 0179 05       		.byte	0x5
 506 017a 1207     		.2byte	0x712
 507 017c 80010000 		.4byte	0x180
 508 0180 0D       		.uleb128 0xd
 509 0181 76000000 		.4byte	0x76
 510 0185 0A       		.uleb128 0xa
 511 0186 95010000 		.4byte	0x195
 512 018a 95010000 		.4byte	0x195
 513 018e 0B       		.uleb128 0xb
 514 018f CD000000 		.4byte	0xcd
 515 0193 04       		.byte	0x4
 516 0194 00       		.byte	0
 517 0195 0E       		.uleb128 0xe
 518 0196 04       		.byte	0x4
 519 0197 B3000000 		.4byte	0xb3
 520 019b 0F       		.uleb128 0xf
 521 019c D0010000 		.4byte	.LASF28
 522 01a0 01       		.byte	0x1
 523 01a1 2D       		.byte	0x2d
 524 01a2 85010000 		.4byte	0x185
 525 01a6 05       		.uleb128 0x5
 526 01a7 03       		.byte	0x3
 527 01a8 00000000 		.4byte	parity
 528 01ac 0A       		.uleb128 0xa
 529 01ad 95010000 		.4byte	0x195
 530 01b1 BC010000 		.4byte	0x1bc
 531 01b5 0B       		.uleb128 0xb
ARM GAS  C:\Users\SEBAST~3\AppData\Local\Temp\ccvtMGxK.s 			page 14


 532 01b6 CD000000 		.4byte	0xcd
 533 01ba 02       		.byte	0x2
 534 01bb 00       		.byte	0
 535 01bc 0F       		.uleb128 0xf
 536 01bd FC000000 		.4byte	.LASF29
 537 01c1 01       		.byte	0x1
 538 01c2 2E       		.byte	0x2e
 539 01c3 AC010000 		.4byte	0x1ac
 540 01c7 05       		.uleb128 0x5
 541 01c8 03       		.byte	0x3
 542 01c9 00000000 		.4byte	stop
 543 01cd 00       		.byte	0
 544              		.section	.debug_abbrev,"",%progbits
 545              	.Ldebug_abbrev0:
 546 0000 01       		.uleb128 0x1
 547 0001 11       		.uleb128 0x11
 548 0002 01       		.byte	0x1
 549 0003 25       		.uleb128 0x25
 550 0004 0E       		.uleb128 0xe
 551 0005 13       		.uleb128 0x13
 552 0006 0B       		.uleb128 0xb
 553 0007 03       		.uleb128 0x3
 554 0008 0E       		.uleb128 0xe
 555 0009 1B       		.uleb128 0x1b
 556 000a 0E       		.uleb128 0xe
 557 000b 55       		.uleb128 0x55
 558 000c 17       		.uleb128 0x17
 559 000d 11       		.uleb128 0x11
 560 000e 01       		.uleb128 0x1
 561 000f 10       		.uleb128 0x10
 562 0010 17       		.uleb128 0x17
 563 0011 00       		.byte	0
 564 0012 00       		.byte	0
 565 0013 02       		.uleb128 0x2
 566 0014 24       		.uleb128 0x24
 567 0015 00       		.byte	0
 568 0016 0B       		.uleb128 0xb
 569 0017 0B       		.uleb128 0xb
 570 0018 3E       		.uleb128 0x3e
 571 0019 0B       		.uleb128 0xb
 572 001a 03       		.uleb128 0x3
 573 001b 0E       		.uleb128 0xe
 574 001c 00       		.byte	0
 575 001d 00       		.byte	0
 576 001e 03       		.uleb128 0x3
 577 001f 16       		.uleb128 0x16
 578 0020 00       		.byte	0
 579 0021 03       		.uleb128 0x3
 580 0022 0E       		.uleb128 0xe
 581 0023 3A       		.uleb128 0x3a
 582 0024 0B       		.uleb128 0xb
 583 0025 3B       		.uleb128 0x3b
 584 0026 0B       		.uleb128 0xb
 585 0027 49       		.uleb128 0x49
 586 0028 13       		.uleb128 0x13
 587 0029 00       		.byte	0
 588 002a 00       		.byte	0
ARM GAS  C:\Users\SEBAST~3\AppData\Local\Temp\ccvtMGxK.s 			page 15


 589 002b 04       		.uleb128 0x4
 590 002c 24       		.uleb128 0x24
 591 002d 00       		.byte	0
 592 002e 0B       		.uleb128 0xb
 593 002f 0B       		.uleb128 0xb
 594 0030 3E       		.uleb128 0x3e
 595 0031 0B       		.uleb128 0xb
 596 0032 03       		.uleb128 0x3
 597 0033 08       		.uleb128 0x8
 598 0034 00       		.byte	0
 599 0035 00       		.byte	0
 600 0036 05       		.uleb128 0x5
 601 0037 16       		.uleb128 0x16
 602 0038 00       		.byte	0
 603 0039 03       		.uleb128 0x3
 604 003a 0E       		.uleb128 0xe
 605 003b 3A       		.uleb128 0x3a
 606 003c 0B       		.uleb128 0xb
 607 003d 3B       		.uleb128 0x3b
 608 003e 05       		.uleb128 0x5
 609 003f 49       		.uleb128 0x49
 610 0040 13       		.uleb128 0x13
 611 0041 00       		.byte	0
 612 0042 00       		.byte	0
 613 0043 06       		.uleb128 0x6
 614 0044 2E       		.uleb128 0x2e
 615 0045 01       		.byte	0x1
 616 0046 3F       		.uleb128 0x3f
 617 0047 19       		.uleb128 0x19
 618 0048 03       		.uleb128 0x3
 619 0049 0E       		.uleb128 0xe
 620 004a 3A       		.uleb128 0x3a
 621 004b 0B       		.uleb128 0xb
 622 004c 3B       		.uleb128 0x3b
 623 004d 0B       		.uleb128 0xb
 624 004e 49       		.uleb128 0x49
 625 004f 13       		.uleb128 0x13
 626 0050 11       		.uleb128 0x11
 627 0051 01       		.uleb128 0x1
 628 0052 12       		.uleb128 0x12
 629 0053 06       		.uleb128 0x6
 630 0054 40       		.uleb128 0x40
 631 0055 18       		.uleb128 0x18
 632 0056 9642     		.uleb128 0x2116
 633 0058 19       		.uleb128 0x19
 634 0059 01       		.uleb128 0x1
 635 005a 13       		.uleb128 0x13
 636 005b 00       		.byte	0
 637 005c 00       		.byte	0
 638 005d 07       		.uleb128 0x7
 639 005e 34       		.uleb128 0x34
 640 005f 00       		.byte	0
 641 0060 03       		.uleb128 0x3
 642 0061 0E       		.uleb128 0xe
 643 0062 3A       		.uleb128 0x3a
 644 0063 0B       		.uleb128 0xb
 645 0064 3B       		.uleb128 0x3b
ARM GAS  C:\Users\SEBAST~3\AppData\Local\Temp\ccvtMGxK.s 			page 16


 646 0065 0B       		.uleb128 0xb
 647 0066 49       		.uleb128 0x49
 648 0067 13       		.uleb128 0x13
 649 0068 02       		.uleb128 0x2
 650 0069 18       		.uleb128 0x18
 651 006a 00       		.byte	0
 652 006b 00       		.byte	0
 653 006c 08       		.uleb128 0x8
 654 006d 34       		.uleb128 0x34
 655 006e 00       		.byte	0
 656 006f 03       		.uleb128 0x3
 657 0070 0E       		.uleb128 0xe
 658 0071 3A       		.uleb128 0x3a
 659 0072 0B       		.uleb128 0xb
 660 0073 3B       		.uleb128 0x3b
 661 0074 0B       		.uleb128 0xb
 662 0075 49       		.uleb128 0x49
 663 0076 13       		.uleb128 0x13
 664 0077 00       		.byte	0
 665 0078 00       		.byte	0
 666 0079 09       		.uleb128 0x9
 667 007a 34       		.uleb128 0x34
 668 007b 00       		.byte	0
 669 007c 03       		.uleb128 0x3
 670 007d 08       		.uleb128 0x8
 671 007e 3A       		.uleb128 0x3a
 672 007f 0B       		.uleb128 0xb
 673 0080 3B       		.uleb128 0x3b
 674 0081 0B       		.uleb128 0xb
 675 0082 49       		.uleb128 0x49
 676 0083 13       		.uleb128 0x13
 677 0084 00       		.byte	0
 678 0085 00       		.byte	0
 679 0086 0A       		.uleb128 0xa
 680 0087 01       		.uleb128 0x1
 681 0088 01       		.byte	0x1
 682 0089 49       		.uleb128 0x49
 683 008a 13       		.uleb128 0x13
 684 008b 01       		.uleb128 0x1
 685 008c 13       		.uleb128 0x13
 686 008d 00       		.byte	0
 687 008e 00       		.byte	0
 688 008f 0B       		.uleb128 0xb
 689 0090 21       		.uleb128 0x21
 690 0091 00       		.byte	0
 691 0092 49       		.uleb128 0x49
 692 0093 13       		.uleb128 0x13
 693 0094 2F       		.uleb128 0x2f
 694 0095 0B       		.uleb128 0xb
 695 0096 00       		.byte	0
 696 0097 00       		.byte	0
 697 0098 0C       		.uleb128 0xc
 698 0099 34       		.uleb128 0x34
 699 009a 00       		.byte	0
 700 009b 03       		.uleb128 0x3
 701 009c 0E       		.uleb128 0xe
 702 009d 3A       		.uleb128 0x3a
ARM GAS  C:\Users\SEBAST~3\AppData\Local\Temp\ccvtMGxK.s 			page 17


 703 009e 0B       		.uleb128 0xb
 704 009f 3B       		.uleb128 0x3b
 705 00a0 05       		.uleb128 0x5
 706 00a1 49       		.uleb128 0x49
 707 00a2 13       		.uleb128 0x13
 708 00a3 3F       		.uleb128 0x3f
 709 00a4 19       		.uleb128 0x19
 710 00a5 3C       		.uleb128 0x3c
 711 00a6 19       		.uleb128 0x19
 712 00a7 00       		.byte	0
 713 00a8 00       		.byte	0
 714 00a9 0D       		.uleb128 0xd
 715 00aa 35       		.uleb128 0x35
 716 00ab 00       		.byte	0
 717 00ac 49       		.uleb128 0x49
 718 00ad 13       		.uleb128 0x13
 719 00ae 00       		.byte	0
 720 00af 00       		.byte	0
 721 00b0 0E       		.uleb128 0xe
 722 00b1 0F       		.uleb128 0xf
 723 00b2 00       		.byte	0
 724 00b3 0B       		.uleb128 0xb
 725 00b4 0B       		.uleb128 0xb
 726 00b5 49       		.uleb128 0x49
 727 00b6 13       		.uleb128 0x13
 728 00b7 00       		.byte	0
 729 00b8 00       		.byte	0
 730 00b9 0F       		.uleb128 0xf
 731 00ba 34       		.uleb128 0x34
 732 00bb 00       		.byte	0
 733 00bc 03       		.uleb128 0x3
 734 00bd 0E       		.uleb128 0xe
 735 00be 3A       		.uleb128 0x3a
 736 00bf 0B       		.uleb128 0xb
 737 00c0 3B       		.uleb128 0x3b
 738 00c1 0B       		.uleb128 0xb
 739 00c2 49       		.uleb128 0x49
 740 00c3 13       		.uleb128 0x13
 741 00c4 3F       		.uleb128 0x3f
 742 00c5 19       		.uleb128 0x19
 743 00c6 02       		.uleb128 0x2
 744 00c7 18       		.uleb128 0x18
 745 00c8 00       		.byte	0
 746 00c9 00       		.byte	0
 747 00ca 00       		.byte	0
 748              		.section	.debug_aranges,"",%progbits
 749 0000 1C000000 		.4byte	0x1c
 750 0004 0200     		.2byte	0x2
 751 0006 00000000 		.4byte	.Ldebug_info0
 752 000a 04       		.byte	0x4
 753 000b 00       		.byte	0
 754 000c 0000     		.2byte	0
 755 000e 0000     		.2byte	0
 756 0010 00000000 		.4byte	.LFB64
 757 0014 84010000 		.4byte	.LFE64-.LFB64
 758 0018 00000000 		.4byte	0
 759 001c 00000000 		.4byte	0
ARM GAS  C:\Users\SEBAST~3\AppData\Local\Temp\ccvtMGxK.s 			page 18


 760              		.section	.debug_ranges,"",%progbits
 761              	.Ldebug_ranges0:
 762 0000 00000000 		.4byte	.LFB64
 763 0004 84010000 		.4byte	.LFE64
 764 0008 00000000 		.4byte	0
 765 000c 00000000 		.4byte	0
 766              		.section	.debug_line,"",%progbits
 767              	.Ldebug_line0:
 768 0000 AA010000 		.section	.debug_str,"MS",%progbits,1
 768      02002401 
 768      00000201 
 768      FB0E0D00 
 768      01010101 
 769              	.LASF30:
 770 0000 474E5520 		.ascii	"GNU C11 5.4.1 20160609 (release) [ARM/embedded-5-br"
 770      43313120 
 770      352E342E 
 770      31203230 
 770      31363036 
 771 0033 616E6368 		.ascii	"anch revision 237715] -mcpu=cortex-m3 -mthumb -g -O"
 771      20726576 
 771      6973696F 
 771      6E203233 
 771      37373135 
 772 0066 30202D66 		.ascii	"0 -ffunction-sections -ffat-lto-objects\000"
 772      66756E63 
 772      74696F6E 
 772      2D736563 
 772      74696F6E 
 773              	.LASF25:
 774 008e 73746174 		.ascii	"state\000"
 774      6500
 775              	.LASF21:
 776 0094 62756666 		.ascii	"buffer\000"
 776      657200
 777              	.LASF9:
 778 009b 5F5F696E 		.ascii	"__int32_t\000"
 778      7433325F 
 778      7400
 779              	.LASF15:
 780 00a5 646F7562 		.ascii	"double\000"
 780      6C6500
 781              	.LASF14:
 782 00ac 666C6F61 		.ascii	"float\000"
 782      7400
 783              	.LASF0:
 784 00b2 7369676E 		.ascii	"signed char\000"
 784      65642063 
 784      68617200 
 785              	.LASF1:
 786 00be 756E7369 		.ascii	"unsigned char\000"
 786      676E6564 
 786      20636861 
 786      7200
 787              	.LASF16:
 788 00cc 63686172 		.ascii	"char8\000"
 788      3800
ARM GAS  C:\Users\SEBAST~3\AppData\Local\Temp\ccvtMGxK.s 			page 19


 789              	.LASF5:
 790 00d2 6C6F6E67 		.ascii	"long unsigned int\000"
 790      20756E73 
 790      69676E65 
 790      6420696E 
 790      7400
 791              	.LASF3:
 792 00e4 73686F72 		.ascii	"short unsigned int\000"
 792      7420756E 
 792      7369676E 
 792      65642069 
 792      6E7400
 793              	.LASF24:
 794 00f7 70776D32 		.ascii	"pwm2\000"
 794      00
 795              	.LASF29:
 796 00fc 73746F70 		.ascii	"stop\000"
 796      00
 797              	.LASF27:
 798 0101 49544D5F 		.ascii	"ITM_RxBuffer\000"
 798      52784275 
 798      66666572 
 798      00
 799              	.LASF23:
 800 010e 6F757470 		.ascii	"output2\000"
 800      75743200 
 801              	.LASF33:
 802 0116 6D61696E 		.ascii	"main\000"
 802      00
 803              	.LASF12:
 804 011b 75696E74 		.ascii	"uint16\000"
 804      313600
 805              	.LASF13:
 806 0122 696E7438 		.ascii	"int8\000"
 806      00
 807              	.LASF8:
 808 0127 756E7369 		.ascii	"unsigned int\000"
 808      676E6564 
 808      20696E74 
 808      00
 809              	.LASF7:
 810 0134 6C6F6E67 		.ascii	"long long unsigned int\000"
 810      206C6F6E 
 810      6720756E 
 810      7369676E 
 810      65642069 
 811              	.LASF10:
 812 014b 696E7433 		.ascii	"int32_t\000"
 812      325F7400 
 813              	.LASF19:
 814 0153 73697A65 		.ascii	"sizetype\000"
 814      74797065 
 814      00
 815              	.LASF32:
 816 015c 433A5C50 		.ascii	"C:\\PSoC\\USBFS_UART01\\USBFS_UART01.cydsn\000"
 816      536F435C 
 816      55534246 
ARM GAS  C:\Users\SEBAST~3\AppData\Local\Temp\ccvtMGxK.s 			page 20


 816      535F5541 
 816      52543031 
 817              	.LASF6:
 818 0184 6C6F6E67 		.ascii	"long long int\000"
 818      206C6F6E 
 818      6720696E 
 818      7400
 819              	.LASF31:
 820 0192 6D61696E 		.ascii	"main.c\000"
 820      2E6300
 821              	.LASF17:
 822 0199 63686172 		.ascii	"char\000"
 822      00
 823              	.LASF20:
 824 019e 636F756E 		.ascii	"count\000"
 824      7400
 825              	.LASF2:
 826 01a4 73686F72 		.ascii	"short int\000"
 826      7420696E 
 826      7400
 827              	.LASF22:
 828 01ae 6F757470 		.ascii	"output\000"
 828      757400
 829              	.LASF11:
 830 01b5 75696E74 		.ascii	"uint8\000"
 830      3800
 831              	.LASF4:
 832 01bb 6C6F6E67 		.ascii	"long int\000"
 832      20696E74 
 832      00
 833              	.LASF18:
 834 01c4 6C6F6E67 		.ascii	"long double\000"
 834      20646F75 
 834      626C6500 
 835              	.LASF28:
 836 01d0 70617269 		.ascii	"parity\000"
 836      747900
 837              	.LASF26:
 838 01d7 6C696E65 		.ascii	"lineStr\000"
 838      53747200 
 839              		.ident	"GCC: (GNU Tools for ARM Embedded Processors) 5.4.1 20160609 (release) [ARM/embedded-5-bran
