Archive member included to satisfy reference by file (symbol)

.\ARM_GCC_541\Debug\USBFS_UART01.a(USBUART.o)
                              .\ARM_GCC_541\Debug\main.o (USBUART_Start)
.\ARM_GCC_541\Debug\USBFS_UART01.a(USBUART_cdc.o)
                              .\ARM_GCC_541\Debug\main.o (USBUART_CDC_Init)
.\ARM_GCC_541\Debug\USBFS_UART01.a(USBUART_drv.o)
                              .\ARM_GCC_541\Debug\USBFS_UART01.a(USBUART.o) (USBUART_EP)
.\ARM_GCC_541\Debug\USBFS_UART01.a(USBUART_episr.o)
                              .\ARM_GCC_541\Debug\USBFS_UART01.a(USBUART.o) (USBUART_EP_1_ISR)
.\ARM_GCC_541\Debug\USBFS_UART01.a(USBUART_hid.o)
                              .\ARM_GCC_541\Debug\USBFS_UART01.a(USBUART.o) (USBUART_hidProtocol)
.\ARM_GCC_541\Debug\USBFS_UART01.a(USBUART_pm.o)
                              .\ARM_GCC_541\Debug\USBFS_UART01.a(USBUART.o) (USBUART_DP_ISR)
.\ARM_GCC_541\Debug\USBFS_UART01.a(USBUART_std.o)
                              .\ARM_GCC_541\Debug\USBFS_UART01.a(USBUART_drv.o) (USBUART_HandleStandardRqst)
.\ARM_GCC_541\Debug\USBFS_UART01.a(USBUART_vnd.o)
                              .\ARM_GCC_541\Debug\USBFS_UART01.a(USBUART_drv.o) (USBUART_HandleVendorRqst)
.\ARM_GCC_541\Debug\USBFS_UART01.a(LCD.o)
                              .\ARM_GCC_541\Debug\main.o (LCD_Start)
.\ARM_GCC_541\Debug\USBFS_UART01.a(USBUART_Dp.o)
                              .\ARM_GCC_541\Debug\USBFS_UART01.a(USBUART.o) (USBUART_Dp_ClearInterrupt)
.\ARM_GCC_541\Debug\USBFS_UART01.a(CyLib.o)
                              .\ARM_GCC_541\Debug\Cm3Start.o (CyResetStatus)
.\ARM_GCC_541\Debug\USBFS_UART01.a(cyPm.o)
                              .\ARM_GCC_541\Debug\USBFS_UART01.a(CyLib.o) (CyPmReadStatus)
.\ARM_GCC_541\Debug\USBFS_UART01.a(CyBootAsmGnu.o)
                              .\ARM_GCC_541\Debug\cyfitter_cfg.o (CyDelayCycles)
.\ARM_GCC_541\Debug\USBFS_UART01.a(CyScBoostClk.o)
                              .\ARM_GCC_541\Debug\USBFS_UART01.a(CyLib.o) (CyScBoostClk_Start)
.\ARM_GCC_541\Debug\USBFS_UART01.a(USBUART_cls.o)
                              .\ARM_GCC_541\Debug\USBFS_UART01.a(USBUART_drv.o) (USBUART_DispatchClassRqst)
.\ARM_GCC_541\Debug\USBFS_UART01.a(USBUART_descr.o)
                              .\ARM_GCC_541\Debug\USBFS_UART01.a(USBUART_std.o) (USBUART_DEVICE0_DESCR)
.\ARM_GCC_541\Debug\USBFS_UART01.a(CyFlash.o)
                              .\ARM_GCC_541\Debug\USBFS_UART01.a(cyPm.o) (CyFlash_SetWaitCycles)
.\ARM_GCC_541\Debug\USBFS_UART01.a(CySpc.o)
                              .\ARM_GCC_541\Debug\USBFS_UART01.a(CyFlash.o) (CySpcStart)
c:/cypress/psoc creator/4.2/psoc creator/import/gnu/arm/5.4.1/bin/../lib/gcc/arm-none-eabi/5.4.1/../../../../arm-none-eabi/lib/armv7-m\libg_nano.a(lib_a-errno.o)
                              .\ARM_GCC_541\Debug\Cm3Start.o (__errno)
c:/cypress/psoc creator/4.2/psoc creator/import/gnu/arm/5.4.1/bin/../lib/gcc/arm-none-eabi/5.4.1/../../../../arm-none-eabi/lib/armv7-m\libg_nano.a(lib_a-exit.o)
                              c:/cypress/psoc creator/4.2/psoc creator/import/gnu/arm/5.4.1/bin/../lib/gcc/arm-none-eabi/5.4.1/../../../../arm-none-eabi/lib/armv7-m/crt0.o (exit)
c:/cypress/psoc creator/4.2/psoc creator/import/gnu/arm/5.4.1/bin/../lib/gcc/arm-none-eabi/5.4.1/../../../../arm-none-eabi/lib/armv7-m\libg_nano.a(lib_a-impure.o)
                              c:/cypress/psoc creator/4.2/psoc creator/import/gnu/arm/5.4.1/bin/../lib/gcc/arm-none-eabi/5.4.1/../../../../arm-none-eabi/lib/armv7-m\libg_nano.a(lib_a-exit.o) (_global_impure_ptr)
c:/cypress/psoc creator/4.2/psoc creator/import/gnu/arm/5.4.1/bin/../lib/gcc/arm-none-eabi/5.4.1/../../../../arm-none-eabi/lib/armv7-m\libg_nano.a(lib_a-init.o)
                              c:/cypress/psoc creator/4.2/psoc creator/import/gnu/arm/5.4.1/bin/../lib/gcc/arm-none-eabi/5.4.1/../../../../arm-none-eabi/lib/armv7-m/crt0.o (__libc_init_array)
c:/cypress/psoc creator/4.2/psoc creator/import/gnu/arm/5.4.1/bin/../lib/gcc/arm-none-eabi/5.4.1/../../../../arm-none-eabi/lib/armv7-m\libg_nano.a(lib_a-memcpy-stub.o)
                              .\ARM_GCC_541\Debug\cyfitter_cfg.o (memcpy)
c:/cypress/psoc creator/4.2/psoc creator/import/gnu/arm/5.4.1/bin/../lib/gcc/arm-none-eabi/5.4.1/../../../../arm-none-eabi/lib/armv7-m\libg_nano.a(lib_a-memset.o)
                              c:/cypress/psoc creator/4.2/psoc creator/import/gnu/arm/5.4.1/bin/../lib/gcc/arm-none-eabi/5.4.1/../../../../arm-none-eabi/lib/armv7-m/crt0.o (memset)
c:/cypress/psoc creator/4.2/psoc creator/import/gnu/arm/5.4.1/bin/../lib/gcc/arm-none-eabi/5.4.1/../../../../arm-none-eabi/lib/armv7-m\libg_nano.a(lib_a-nano-vfprintf_float.o)
                              .\ARM_GCC_541\Debug\main.o (_printf_float)
c:/cypress/psoc creator/4.2/psoc creator/import/gnu/arm/5.4.1/bin/../lib/gcc/arm-none-eabi/5.4.1/../../../../arm-none-eabi/lib/armv7-m\libg_nano.a(lib_a-nano-vfprintf_i.o)
[...]
Memory Configuration

Name             Origin             Length             Attributes
rom              0x00000000         0x00040000         xr
ram              0x1fff8000         0x00010000         xrw
*default*        0x00000000         0xffffffff

Linker script and memory map

LOAD c:/cypress/psoc creator/4.2/psoc creator/import/gnu/arm/5.4.1/bin/../lib/gcc/arm-none-eabi/5.4.1/armv7-m/crti.o
LOAD c:/cypress/psoc creator/4.2/psoc creator/import/gnu/arm/5.4.1/bin/../lib/gcc/arm-none-eabi/5.4.1/armv7-m/crtbegin.o
LOAD c:/cypress/psoc creator/4.2/psoc creator/import/gnu/arm/5.4.1/bin/../lib/gcc/arm-none-eabi/5.4.1/../../../../arm-none-eabi/lib/armv7-m/crt0.o
START GROUP
LOAD .\ARM_GCC_541\Debug\main.o
LOAD .\ARM_GCC_541\Debug\cyfitter_cfg.o
LOAD .\ARM_GCC_541\Debug\cymetadata.o
LOAD .\ARM_GCC_541\Debug\Cm3Start.o
LOAD .\ARM_GCC_541\Debug\USBFS_UART01.a
LOAD C:\Cypress\PSoC Creator\4.2\PSoC Creator\psoc\content\cycomponentlibrary\CyComponentLibrary.cylib\CortexM3\ARM_GCC_541\Debug\CyComponentLibrary.a
END GROUP
START GROUP
LOAD c:/cypress/psoc creator/4.2/psoc creator/import/gnu/arm/5.4.1/bin/../lib/gcc/arm-none-eabi/5.4.1/armv7-m\libgcc.a
LOAD c:/cypress/psoc creator/4.2/psoc creator/import/gnu/arm/5.4.1/bin/../lib/gcc/arm-none-eabi/5.4.1/../../../../arm-none-eabi/lib/armv7-m\libg_nano.a
LOAD c:/cypress/psoc creator/4.2/psoc creator/import/gnu/arm/5.4.1/bin/../lib/gcc/arm-none-eabi/5.4.1/../../../../arm-none-eabi/lib/armv7-m\libc_nano.a
END GROUP
START GROUP
LOAD c:/cypress/psoc creator/4.2/psoc creator/import/gnu/arm/5.4.1/bin/../lib/gcc/arm-none-eabi/5.4.1/armv7-m\libgcc.a
LOAD c:/cypress/psoc creator/4.2/psoc creator/import/gnu/arm/5.4.1/bin/../lib/gcc/arm-none-eabi/5.4.1/../../../../arm-none-eabi/lib/armv7-m\libc_nano.a
END GROUP
LOAD c:/cypress/psoc creator/4.2/psoc creator/import/gnu/arm/5.4.1/bin/../lib/gcc/arm-none-eabi/5.4.1/armv7-m/crtend.o
LOAD c:/cypress/psoc creator/4.2/psoc creator/import/gnu/arm/5.4.1/bin/../lib/gcc/arm-none-eabi/5.4.1/armv7-m/crtn.o
START GROUP
LOAD c:/cypress/psoc creator/4.2/psoc creator/import/gnu/arm/5.4.1/bin/../lib/gcc/arm-none-eabi/5.4.1/armv7-m\libgcc.a
LOAD c:/cypress/psoc creator/4.2/psoc creator/import/gnu/arm/5.4.1/bin/../lib/gcc/arm-none-eabi/5.4.1/../../../../arm-none-eabi/lib/armv7-m\libc.a
LOAD c:/cypress/psoc creator/4.2/psoc creator/import/gnu/arm/5.4.1/bin/../lib/gcc/arm-none-eabi/5.4.1/../../../../arm-none-eabi/lib/armv7-m\libnosys.a
END GROUP
                0x00000000                CY_APPL_ORIGIN = 0x0
                0x00000100                CY_FLASH_ROW_SIZE = 0x100
                0x00000020                CY_ECC_ROW_SIZE = 0x20
                0x00000000                CY_EE_IN_BTLDR = 0x0
                0x00000000                CY_APPL_LOADABLE = 0x0
                0x00000800                CY_EE_SIZE = 0x800
                0x00000001                CY_APPL_NUM = 0x1
                0x00000001                CY_APPL_MAX = 0x1
                0x00000040                CY_METADATA_SIZE = 0x40
                0x00000000                CY_APPL_LOADABLE = 0x0
                0x00000000                CY_CHECKSUM_EXCLUDE_SIZE = ALIGN (0x0, CY_FLASH_ROW_SIZE)
                [!provide]                PROVIDE (__cy_heap_start, _end)
                0x00000001                PROVIDE (__cy_region_num, ((__cy_regions_end - __cy_regions) / 0x10))
                0x20008000                PROVIDE (__cy_stack, (ORIGIN (ram) + LENGTH (ram)))
                [!provide]                PROVIDE (__cy_heap_end, (__cy_stack - 0x800))

.cybootloader   0x00000000        0x0
 *(.cybootloader)
                0x00000000                appl1_start = CY_APPL_ORIGIN?CY_APPL_ORIGIN:ALIGN (CY_FLASH_ROW_SIZE)
                0x0001ff00                appl2_start = (appl1_start + ALIGN ((((LENGTH (rom) - appl1_start) - (0x2 * CY_FLASH_ROW_SIZE)) / 0x2), CY_FLASH_ROW_SIZE))
                0x00000000                appl_start = (CY_APPL_NUM == 0x1)?appl1_start:appl2_start
                0x00000000                ecc_offset = ((appl_start / CY_FLASH_ROW_SIZE) * CY_ECC_ROW_SIZE)
                0x00000000                ee_offset = (CY_APPL_LOADABLE && ! (CY_EE_IN_BTLDR))?((CY_EE_SIZE / CY_APPL_MAX) * (CY_APPL_NUM - 0x1)):0x0
                0x00000800                ee_size = (CY_APPL_LOADABLE && ! (CY_EE_IN_BTLDR))?(CY_EE_SIZE / CY_APPL_MAX):CY_EE_SIZE
                [!provide]                PROVIDE (CY_ECC_OFFSET, ecc_offset)

.text           0x00000000     0x5f30
 CREATE_OBJECT_SYMBOLS
                0x00000000                PROVIDE (__cy_interrupt_vector, RomVectors)
 *(.romvectors)
 .romvectors    0x00000000       0x10 .\ARM_GCC_541\Debug\Cm3Start.o
                0x00000000                RomVectors
                0x00000001                ASSERT ((. != __cy_interrupt_vector), No interrupt vector)
                0x00000001                ASSERT (CY_APPL_ORIGIN?(SIZEOF (.cybootloader) <= CY_APPL_ORIGIN):0x1, Wrong image location)
                0x00000010                PROVIDE (__cy_reset, Reset)
 *(.text.Reset)
 .text.Reset    0x00000010       0x18 .\ARM_GCC_541\Debug\Cm3Start.o
                0x00000010                Reset
                0x00000001                ASSERT ((. != __cy_reset), No reset code)
 *(.dma_init)
                0x00000001                ASSERT ((((appl_start + .) <= 0x10000) || 0x1), DMA Init must be within the first 64k of flash)
 *(.text .text.* .gnu.linkonce.t.*)
 .text          0x00000028       0x5c c:/cypress/psoc creator/4.2/psoc creator/import/gnu/arm/5.4.1/bin/../lib/gcc/arm-none-eabi/5.4.1/armv7-m/crtbegin.o
 .text.main     0x00000084      0x184 .\ARM_GCC_541\Debug\main.o
                0x00000084                main
 .text.CYMEMZERO
                0x00000208       0x1c .\ARM_GCC_541\Debug\cyfitter_cfg.o
 .text.CYCONFIGCPY
                0x00000224       0x20 .\ARM_GCC_541\Debug\cyfitter_cfg.o
 .text.CYCONFIGCPYCODE
                0x00000244       0x20 .\ARM_GCC_541\Debug\cyfitter_cfg.o
 .text.CyClockStartupError
                0x00000264        0xc .\ARM_GCC_541\Debug\cyfitter_cfg.o
 .text.cfg_write_bytes32
                0x00000270       0x74 .\ARM_GCC_541\Debug\cyfitter_cfg.o
 .text.ClockSetup
                0x000002e4       0xf0 .\ARM_GCC_541\Debug\cyfitter_cfg.o
 .text.AnalogSetDefault
                0x000003d4       0x44 .\ARM_GCC_541\Debug\cyfitter_cfg.o
 .text.cyfitter_cfg
                0x00000418      0x108 .\ARM_GCC_541\Debug\cyfitter_cfg.o
                0x00000418                cyfitter_cfg
 .text.IntDefaultHandler
                0x00000520       0x14 .\ARM_GCC_541\Debug\Cm3Start.o
                0x00000520                IntDefaultHandler
 .text._sbrk    0x00000534       0x50 .\ARM_GCC_541\Debug\Cm3Start.o
                0x00000534                _sbrk
 .text.Start_c  0x00000584       0x98 .\ARM_GCC_541\Debug\Cm3Start.o
                0x00000584                Start_c
 .text.initialize_psoc
                0x0000061c       0x90 .\ARM_GCC_541\Debug\Cm3Start.o
                0x0000061c                initialize_psoc
 .text.USBUART_Start
                0x000006ac       0x3c .\ARM_GCC_541\Debug\USBFS_UART01.a(USBUART.o)
                0x000006ac                USBUART_Start
 .text.USBUART_Init
                0x000006e8      0x1a4 .\ARM_GCC_541\Debug\USBFS_UART01.a(USBUART.o)
                0x000006e8                USBUART_Init
 .text.USBUART_InitComponent
                0x0000088c      0x120 .\ARM_GCC_541\Debug\USBFS_UART01.a(USBUART.o)
                0x0000088c                USBUART_InitComponent
 .text.USBUART_ReInitComponent
                0x000009ac       0x88 .\ARM_GCC_541\Debug\USBFS_UART01.a(USBUART.o)
                0x000009ac                USBUART_ReInitComponent
 .text.USBUART_GetConfiguration
                0x00000a34       0x18 .\ARM_GCC_541\Debug\USBFS_UART01.a(USBUART.o)
                0x00000a34                USBUART_GetConfiguration
 .text.USBUART_IsConfigurationChanged
                0x00000a4c       0x30 .\ARM_GCC_541\Debug\USBFS_UART01.a(USBUART.o)
                0x00000a4c                USBUART_IsConfigurationChanged
 .text.USBUART_GetEPState
                0x00000a7c       0x2c .\ARM_GCC_541\Debug\USBFS_UART01.a(USBUART.o)
                0x00000a7c                USBUART_GetEPState
 .text.USBUART_GetEPCount
                0x00000aa8       0x60 .\ARM_GCC_541\Debug\USBFS_UART01.a(USBUART.o)
                0x00000aa8                USBUART_GetEPCount
 .text.USBUART_LoadInEP
                0x00000b08      0x108 .\ARM_GCC_541\Debug\USBFS_UART01.a(USBUART.o)
                0x00000b08                USBUART_LoadInEP
 .text.USBUART_ReadOutEP
                0x00000c10       0x8c .\ARM_GCC_541\Debug\USBFS_UART01.a(USBUART.o)
                0x00000c10                USBUART_ReadOutEP
 .text.USBUART_EnableOutEP
                0x00000c9c       0x5c .\ARM_GCC_541\Debug\USBFS_UART01.a(USBUART.o)
                0x00000c9c                USBUART_EnableOutEP
 .text.USBUART_DispatchCDCClassRqst
                0x00000cf8       0xe4 .\ARM_GCC_541\Debug\USBFS_UART01.a(USBUART_cdc.o)
                0x00000cf8                USBUART_DispatchCDCClassRqst
 .text.USBUART_GetInterfaceComPort
                0x00000ddc       0x60 .\ARM_GCC_541\Debug\USBFS_UART01.a(USBUART_cdc.o)
                0x00000ddc                USBUART_GetInterfaceComPort
 .text.USBUART_CDC_Init
                0x00000e3c       0xa8 .\ARM_GCC_541\Debug\USBFS_UART01.a(USBUART_cdc.o)
                0x00000e3c                USBUART_CDC_Init
 .text.USBUART_PutData
                0x00000ee4       0x6c .\ARM_GCC_541\Debug\USBFS_UART01.a(USBUART_cdc.o)
                0x00000ee4                USBUART_PutData
 .text.USBUART_StrLen
                0x00000f50       0x2c .\ARM_GCC_541\Debug\USBFS_UART01.a(USBUART_cdc.o)
 .text.USBUART_PutString
                0x00000f7c       0xdc .\ARM_GCC_541\Debug\USBFS_UART01.a(USBUART_cdc.o)
                0x00000f7c                USBUART_PutString
 .text.USBUART_DataIsReady
                0x00001058       0x24 .\ARM_GCC_541\Debug\USBFS_UART01.a(USBUART_cdc.o)
                0x00001058                USBUART_DataIsReady
 .text.USBUART_CDCIsReady
                0x0000107c       0x24 .\ARM_GCC_541\Debug\USBFS_UART01.a(USBUART_cdc.o)
                0x0000107c                USBUART_CDCIsReady
 .text.USBUART_GetAll
                0x000010a0       0x4c .\ARM_GCC_541\Debug\USBFS_UART01.a(USBUART_cdc.o)
                0x000010a0                USBUART_GetAll
 .text.USBUART_IsLineChanged
                0x000010ec       0x54 .\ARM_GCC_541\Debug\USBFS_UART01.a(USBUART_cdc.o)
                0x000010ec                USBUART_IsLineChanged
 .text.USBUART_GetDTERate
                0x00001140       0x8c .\ARM_GCC_541\Debug\USBFS_UART01.a(USBUART_cdc.o)
                0x00001140                USBUART_GetDTERate
 .text.USBUART_GetCharFormat
                0x000011cc       0x2c .\ARM_GCC_541\Debug\USBFS_UART01.a(USBUART_cdc.o)
                0x000011cc                USBUART_GetCharFormat
 .text.USBUART_GetParityType
                0x000011f8       0x2c .\ARM_GCC_541\Debug\USBFS_UART01.a(USBUART_cdc.o)
                0x000011f8                USBUART_GetParityType
 .text.USBUART_GetDataBits
                0x00001224       0x2c .\ARM_GCC_541\Debug\USBFS_UART01.a(USBUART_cdc.o)
                0x00001224                USBUART_GetDataBits
 .text.USBUART_GetLineControl
                0x00001250       0x24 .\ARM_GCC_541\Debug\USBFS_UART01.a(USBUART_cdc.o)
                0x00001250                USBUART_GetLineControl
 .text.USBUART_Cdc_EpInit
                0x00001274       0x90 .\ARM_GCC_541\Debug\USBFS_UART01.a(USBUART_cdc.o)
                0x00001274                USBUART_Cdc_EpInit
 .text.USBUART_EP_0_ISR
                0x00001304       0xf8 .\ARM_GCC_541\Debug\USBFS_UART01.a(USBUART_drv.o)
                0x00001304                USBUART_EP_0_ISR
 .text.USBUART_HandleSetup
                0x000013fc       0x88 .\ARM_GCC_541\Debug\USBFS_UART01.a(USBUART_drv.o)
                0x000013fc                USBUART_HandleSetup
 .text.USBUART_HandleIN
                0x00001484       0x4c .\ARM_GCC_541\Debug\USBFS_UART01.a(USBUART_drv.o)
                0x00001484                USBUART_HandleIN
 .text.USBUART_HandleOUT
                0x000014d0       0x58 .\ARM_GCC_541\Debug\USBFS_UART01.a(USBUART_drv.o)
                0x000014d0                USBUART_HandleOUT
 .text.USBUART_LoadEP0
                0x00001528       0xd0 .\ARM_GCC_541\Debug\USBFS_UART01.a(USBUART_drv.o)
                0x00001528                USBUART_LoadEP0
 .text.USBUART_InitControlRead
                0x000015f8       0x70 .\ARM_GCC_541\Debug\USBFS_UART01.a(USBUART_drv.o)
                0x000015f8                USBUART_InitControlRead
 .text.USBUART_InitZeroLengthControlTransfer
                0x00001668       0x40 .\ARM_GCC_541\Debug\USBFS_UART01.a(USBUART_drv.o)
                0x00001668                USBUART_InitZeroLengthControlTransfer
 .text.USBUART_ControlReadDataStage
                0x000016a8        0xc .\ARM_GCC_541\Debug\USBFS_UART01.a(USBUART_drv.o)
                0x000016a8                USBUART_ControlReadDataStage
 .text.USBUART_ControlReadStatusStage
                0x000016b4       0x40 .\ARM_GCC_541\Debug\USBFS_UART01.a(USBUART_drv.o)
                0x000016b4                USBUART_ControlReadStatusStage
 .text.USBUART_InitControlWrite
                0x000016f4       0x64 .\ARM_GCC_541\Debug\USBFS_UART01.a(USBUART_drv.o)
                0x000016f4                USBUART_InitControlWrite
 .text.USBUART_ControlWriteDataStage
                0x00001758       0xb4 .\ARM_GCC_541\Debug\USBFS_UART01.a(USBUART_drv.o)
                0x00001758                USBUART_ControlWriteDataStage
 .text.USBUART_ControlWriteStatusStage
                0x0000180c       0x24 .\ARM_GCC_541\Debug\USBFS_UART01.a(USBUART_drv.o)
                0x0000180c                USBUART_ControlWriteStatusStage
 .text.USBUART_InitNoDataControlTransfer
                0x00001830       0x38 .\ARM_GCC_541\Debug\USBFS_UART01.a(USBUART_drv.o)
                0x00001830                USBUART_InitNoDataControlTransfer
 .text.USBUART_NoDataControlStatusStage
                0x00001868       0x4c .\ARM_GCC_541\Debug\USBFS_UART01.a(USBUART_drv.o)
                0x00001868                USBUART_NoDataControlStatusStage
 .text.USBUART_UpdateStatusBlock
                0x000018b4       0x40 .\ARM_GCC_541\Debug\USBFS_UART01.a(USBUART_drv.o)
                0x000018b4                USBUART_UpdateStatusBlock
 .text.USBUART_InitializeStatusBlock
                0x000018f4       0x34 .\ARM_GCC_541\Debug\USBFS_UART01.a(USBUART_drv.o)
                0x000018f4                USBUART_InitializeStatusBlock
 .text.USBUART_EP_1_ISR
                0x00001928       0x48 .\ARM_GCC_541\Debug\USBFS_UART01.a(USBUART_episr.o)
                0x00001928                USBUART_EP_1_ISR
 .text.USBUART_EP_2_ISR
                0x00001970       0x4c .\ARM_GCC_541\Debug\USBFS_UART01.a(USBUART_episr.o)
                0x00001970                USBUART_EP_2_ISR
 .text.USBUART_EP_3_ISR
                0x000019bc       0x54 .\ARM_GCC_541\Debug\USBFS_UART01.a(USBUART_episr.o)
                0x000019bc                USBUART_EP_3_ISR
 .text.USBUART_SOF_ISR
                0x00001a10        0xc .\ARM_GCC_541\Debug\USBFS_UART01.a(USBUART_episr.o)
                0x00001a10                USBUART_SOF_ISR
 .text.USBUART_BUS_RESET_ISR
                0x00001a1c        0xc .\ARM_GCC_541\Debug\USBFS_UART01.a(USBUART_episr.o)
                0x00001a1c                USBUART_BUS_RESET_ISR
 .text.USBUART_DispatchHIDClassRqst
                0x00001a28      0x1e4 .\ARM_GCC_541\Debug\USBFS_UART01.a(USBUART_hid.o)
                0x00001a28                USBUART_DispatchHIDClassRqst
 .text.USBUART_FindHidClassDecriptor
                0x00001c0c       0x7c .\ARM_GCC_541\Debug\USBFS_UART01.a(USBUART_hid.o)
                0x00001c0c                USBUART_FindHidClassDecriptor
 .text.USBUART_FindReportDescriptor
                0x00001c88       0x90 .\ARM_GCC_541\Debug\USBFS_UART01.a(USBUART_hid.o)
                0x00001c88                USBUART_FindReportDescriptor
 .text.USBUART_FindReport
                0x00001d18       0xcc .\ARM_GCC_541\Debug\USBFS_UART01.a(USBUART_hid.o)
                0x00001d18                USBUART_FindReport
 .text.USBUART_DP_ISR
                0x00001de4        0xc .\ARM_GCC_541\Debug\USBFS_UART01.a(USBUART_pm.o)
                0x00001de4                USBUART_DP_ISR
 .text.USBUART_HandleStandardRqst
                0x00001df0      0x4a4 .\ARM_GCC_541\Debug\USBFS_UART01.a(USBUART_std.o)
                0x00001df0                USBUART_HandleStandardRqst
 .text.USBUART_ReadDieID
                0x00002294       0xd8 .\ARM_GCC_541\Debug\USBFS_UART01.a(USBUART_std.o)
                0x00002294                USBUART_ReadDieID
 .text.USBUART_ConfigReg
                0x0000236c      0x138 .\ARM_GCC_541\Debug\USBFS_UART01.a(USBUART_std.o)
                0x0000236c                USBUART_ConfigReg
 .text.USBUART_Config
                0x000024a4      0x3a4 .\ARM_GCC_541\Debug\USBFS_UART01.a(USBUART_std.o)
                0x000024a4                USBUART_Config
 .text.USBUART_ConfigAltChanged
                0x00002848      0x25c .\ARM_GCC_541\Debug\USBFS_UART01.a(USBUART_std.o)
                0x00002848                USBUART_ConfigAltChanged
 .text.USBUART_GetConfigTablePtr
                0x00002aa4       0x50 .\ARM_GCC_541\Debug\USBFS_UART01.a(USBUART_std.o)
                0x00002aa4                USBUART_GetConfigTablePtr
 .text.USBUART_GetDeviceTablePtr
                0x00002af4       0x24 .\ARM_GCC_541\Debug\USBFS_UART01.a(USBUART_std.o)
                0x00002af4                USBUART_GetDeviceTablePtr
 .text.USBUART_GetInterfaceClassTablePtr
                0x00002b18       0x4c .\ARM_GCC_541\Debug\USBFS_UART01.a(USBUART_std.o)
                0x00002b18                USBUART_GetInterfaceClassTablePtr
 .text.USBUART_SetEndpointHalt
                0x00002b64       0xe8 .\ARM_GCC_541\Debug\USBFS_UART01.a(USBUART_std.o)
                0x00002b64                USBUART_SetEndpointHalt
 .text.USBUART_ClearEndpointHalt
                0x00002c4c      0x158 .\ARM_GCC_541\Debug\USBFS_UART01.a(USBUART_std.o)
                0x00002c4c                USBUART_ClearEndpointHalt
 .text.USBUART_ValidateAlternateSetting
                0x00002da4       0x70 .\ARM_GCC_541\Debug\USBFS_UART01.a(USBUART_std.o)
                0x00002da4                USBUART_ValidateAlternateSetting
 .text.USBUART_HandleVendorRqst
                0x00002e14       0x54 .\ARM_GCC_541\Debug\USBFS_UART01.a(USBUART_vnd.o)
                0x00002e14                USBUART_HandleVendorRqst
 .text.LCD_Init
                0x00002e68       0x70 .\ARM_GCC_541\Debug\USBFS_UART01.a(LCD.o)
                0x00002e68                LCD_Init
 .text.LCD_Enable
                0x00002ed8       0x18 .\ARM_GCC_541\Debug\USBFS_UART01.a(LCD.o)
                0x00002ed8                LCD_Enable
 .text.LCD_Start
                0x00002ef0       0x24 .\ARM_GCC_541\Debug\USBFS_UART01.a(LCD.o)
                0x00002ef0                LCD_Start
 .text.LCD_Position
                0x00002f14       0x70 .\ARM_GCC_541\Debug\USBFS_UART01.a(LCD.o)
                0x00002f14                LCD_Position
 .text.LCD_PrintString
                0x00002f84       0x3c .\ARM_GCC_541\Debug\USBFS_UART01.a(LCD.o)
                0x00002f84                LCD_PrintString
 .text.LCD_WriteData
                0x00002fc0       0x34 .\ARM_GCC_541\Debug\USBFS_UART01.a(LCD.o)
                0x00002fc0                LCD_WriteData
 .text.LCD_WriteControl
                0x00002ff4       0x34 .\ARM_GCC_541\Debug\USBFS_UART01.a(LCD.o)
                0x00002ff4                LCD_WriteControl
 .text.LCD_IsReady
                0x00003028      0x178 .\ARM_GCC_541\Debug\USBFS_UART01.a(LCD.o)
                0x00003028                LCD_IsReady
 .text.LCD_WrDatNib
                0x000031a0       0x78 .\ARM_GCC_541\Debug\USBFS_UART01.a(LCD.o)
 .text.LCD_WrCntrlNib
                0x00003218       0x64 .\ARM_GCC_541\Debug\USBFS_UART01.a(LCD.o)
 .text.USBUART_Dp_ClearInterrupt
                0x0000327c       0x20 .\ARM_GCC_541\Debug\USBFS_UART01.a(USBUART_Dp.o)
                0x0000327c                USBUART_Dp_ClearInterrupt
 .text.CyHalt   0x0000329c       0x18 .\ARM_GCC_541\Debug\USBFS_UART01.a(CyLib.o)
                0x0000329c                CyHalt
 .text.CyDelay  0x000032b4       0x44 .\ARM_GCC_541\Debug\USBFS_UART01.a(CyLib.o)
                0x000032b4                CyDelay
 .text.CyDelayUs
                0x000032f8       0x28 .\ARM_GCC_541\Debug\USBFS_UART01.a(CyLib.o)
                0x000032f8                CyDelayUs
 .text.CyIntSetVector
                0x00003320       0x50 .\ARM_GCC_541\Debug\USBFS_UART01.a(CyLib.o)
                0x00003320                CyIntSetVector
 .text.CyIntSetPriority
                0x00003370       0x48 .\ARM_GCC_541\Debug\USBFS_UART01.a(CyLib.o)
                0x00003370                CyIntSetPriority
 .text.CyGetUniqueId
                0x000033b8       0xc4 .\ARM_GCC_541\Debug\USBFS_UART01.a(CyLib.o)
                0x000033b8                CyGetUniqueId
 *fill*         0x0000347c        0x4 
 .text          0x00003480       0x54 .\ARM_GCC_541\Debug\USBFS_UART01.a(CyBootAsmGnu.o)
                0x00003480                CyDelayCycles
                0x000034be                CyEnterCriticalSection
                0x000034c6                CyExitCriticalSection
 .text.USBUART_DispatchClassRqst
                0x000034d4       0x94 .\ARM_GCC_541\Debug\USBFS_UART01.a(USBUART_cls.o)
                0x000034d4                USBUART_DispatchClassRqst
 .text.__errno  0x00003568        0xc c:/cypress/psoc creator/4.2/psoc creator/import/gnu/arm/5.4.1/bin/../lib/gcc/arm-none-eabi/5.4.1/../../../../arm-none-eabi/lib/armv7-m\libg_nano.a(lib_a-errno.o)
                0x00003568                __errno
 .text.__libc_init_array
                0x00003574       0x4c c:/cypress/psoc creator/4.2/psoc creator/import/gnu/arm/5.4.1/bin/../lib/gcc/arm-none-eabi/5.4.1/../../../../arm-none-eabi/lib/armv7-m\libg_nano.a(lib_a-init.o)
                0x00003574                __libc_init_array
 .text.memcpy   0x000035c0       0x16 c:/cypress/psoc creator/4.2/psoc creator/import/gnu/arm/5.4.1/bin/../lib/gcc/arm-none-eabi/5.4.1/../../../../arm-none-eabi/lib/armv7-m\libg_nano.a(lib_a-memcpy-stub.o)
                0x000035c0                memcpy
 .text.memset   0x000035d6       0x10 c:/cypress/psoc creator/4.2/psoc creator/import/gnu/arm/5.4.1/bin/../lib/gcc/arm-none-eabi/5.4.1/../../../../arm-none-eabi/lib/armv7-m\libg_nano.a(lib_a-memset.o)
                0x000035d6                memset
 .text.__cvt    0x000035e6       0xc0 c:/cypress/psoc creator/4.2/psoc creator/import/gnu/arm/5.4.1/bin/../lib/gcc/arm-none-eabi/5.4.1/../../../../arm-none-eabi/lib/armv7-m\libg_nano.a(lib_a-nano-vfprintf_float.o)
                0x000035e6                __cvt
 .text.__exponent
                0x000036a6       0x62 c:/cypress/psoc creator/4.2/psoc creator/import/gnu/arm/5.4.1/bin/../lib/gcc/arm-none-eabi/5.4.1/../../../../arm-none-eabi/lib/armv7-m\libg_nano.a(lib_a-nano-vfprintf_float.o)
                0x000036a6                __exponent
 .text._printf_float
                0x00003708      0x488 c:/cypress/psoc creator/4.2/psoc creator/import/gnu/arm/5.4.1/bin/../lib/gcc/arm-none-eabi/5.4.1/../../../../arm-none-eabi/lib/armv7-m\libg_nano.a(lib_a-nano-vfprintf_float.o)
                0x00003708                _printf_float
 .text._printf_common
                0x00003b90       0xec c:/cypress/psoc creator/4.2/psoc creator/import/gnu/arm/5.4.1/bin/../lib/gcc/arm-none-eabi/5.4.1/../../../../arm-none-eabi/lib/armv7-m\libg_nano.a(lib_a-nano-vfprintf_i.o)
                0x00003b90                _printf_common
 .text._printf_i
                0x00003c7c      0x24c c:/cypress/psoc creator/4.2/psoc creator/import/gnu/arm/5.4.1/bin/../lib/gcc/arm-none-eabi/5.4.1/../../../../arm-none-eabi/lib/armv7-m\libg_nano.a(lib_a-nano-vfprintf_i.o)
                0x00003c7c                _printf_i
 .text.sprintf  0x00003ec8       0x48 c:/cypress/psoc creator/4.2/psoc creator/import/gnu/arm/5.4.1/bin/../lib/gcc/arm-none-eabi/5.4.1/../../../../arm-none-eabi/lib/armv7-m\libg_nano.a(lib_a-sprintf.o)
                0x00003ec8                siprintf
                0x00003ec8                sprintf
 .text          0x00003f10       0x10 c:/cypress/psoc creator/4.2/psoc creator/import/gnu/arm/5.4.1/bin/../lib/gcc/arm-none-eabi/5.4.1/../../../../arm-none-eabi/lib/armv7-m\libg_nano.a(lib_a-strlen.o)
                0x00003f10                strlen
 .text.quorem   0x00003f20      0x116 c:/cypress/psoc creator/4.2/psoc creator/import/gnu/arm/5.4.1/bin/../lib/gcc/arm-none-eabi/5.4.1/../../../../arm-none-eabi/lib/armv7-m\libg_nano.a(lib_a-dtoa.o)
 *fill*         0x00004036        0x2 
 .text._dtoa_r  0x00004038      0xb30 c:/cypress/psoc creator/4.2/psoc creator/import/gnu/arm/5.4.1/bin/../lib/gcc/arm-none-eabi/5.4.1/../../../../arm-none-eabi/lib/armv7-m\libg_nano.a(lib_a-dtoa.o)
                0x00004038                _dtoa_r
 .text._localeconv_r
                0x00004b68        0x8 c:/cypress/psoc creator/4.2/psoc creator/import/gnu/arm/5.4.1/bin/../lib/gcc/arm-none-eabi/5.4.1/../../../../arm-none-eabi/lib/armv7-m\libg_nano.a(lib_a-locale.o)
                0x00004b68                _localeconv_r
 .text.malloc   0x00004b70       0x10 c:/cypress/psoc creator/4.2/psoc creator/import/gnu/arm/5.4.1/bin/../lib/gcc/arm-none-eabi/5.4.1/../../../../arm-none-eabi/lib/armv7-m\libg_nano.a(lib_a-malloc.o)
                0x00004b70                malloc
 .text.memchr   0x00004b80       0x1c c:/cypress/psoc creator/4.2/psoc creator/import/gnu/arm/5.4.1/bin/../lib/gcc/arm-none-eabi/5.4.1/../../../../arm-none-eabi/lib/armv7-m\libg_nano.a(lib_a-memchr-stub.o)
                0x00004b80                memchr
 .text._Balloc  0x00004b9c       0x6a c:/cypress/psoc creator/4.2/psoc creator/import/gnu/arm/5.4.1/bin/../lib/gcc/arm-none-eabi/5.4.1/../../../../arm-none-eabi/lib/armv7-m\libg_nano.a(lib_a-mprec.o)
                0x00004b9c                _Balloc
 .text._Bfree   0x00004c06       0x2e c:/cypress/psoc creator/4.2/psoc creator/import/gnu/arm/5.4.1/bin/../lib/gcc/arm-none-eabi/5.4.1/../../../../arm-none-eabi/lib/armv7-m\libg_nano.a(lib_a-mprec.o)
                0x00004c06                _Bfree
 .text.__multadd
                0x00004c34       0x76 c:/cypress/psoc creator/4.2/psoc creator/import/gnu/arm/5.4.1/bin/../lib/gcc/arm-none-eabi/5.4.1/../../../../arm-none-eabi/lib/armv7-m\libg_nano.a(lib_a-mprec.o)
                0x00004c34                __multadd
 .text.__hi0bits
                0x00004caa       0x40 c:/cypress/psoc creator/4.2/psoc creator/import/gnu/arm/5.4.1/bin/../lib/gcc/arm-none-eabi/5.4.1/../../../../arm-none-eabi/lib/armv7-m\libg_nano.a(lib_a-mprec.o)
                0x00004caa                __hi0bits
 .text.__lo0bits
                0x00004cea       0x5a c:/cypress/psoc creator/4.2/psoc creator/import/gnu/arm/5.4.1/bin/../lib/gcc/arm-none-eabi/5.4.1/../../../../arm-none-eabi/lib/armv7-m\libg_nano.a(lib_a-mprec.o)
                0x00004cea                __lo0bits
 .text.__i2b    0x00004d44       0x12 c:/cypress/psoc creator/4.2/psoc creator/import/gnu/arm/5.4.1/bin/../lib/gcc/arm-none-eabi/5.4.1/../../../../arm-none-eabi/lib/armv7-m\libg_nano.a(lib_a-mprec.o)
                0x00004d44                __i2b
 .text.__multiply
                0x00004d56      0x120 c:/cypress/psoc creator/4.2/psoc creator/import/gnu/arm/5.4.1/bin/../lib/gcc/arm-none-eabi/5.4.1/../../../../arm-none-eabi/lib/armv7-m\libg_nano.a(lib_a-mprec.o)
                0x00004d56                __multiply
 *fill*         0x00004e76        0x2 
 .text.__pow5mult
                0x00004e78       0x9c c:/cypress/psoc creator/4.2/psoc creator/import/gnu/arm/5.4.1/bin/../lib/gcc/arm-none-eabi/5.4.1/../../../../arm-none-eabi/lib/armv7-m\libg_nano.a(lib_a-mprec.o)
                0x00004e78                __pow5mult
 .text.__lshift
                0x00004f14       0xa2 c:/cypress/psoc creator/4.2/psoc creator/import/gnu/arm/5.4.1/bin/../lib/gcc/arm-none-eabi/5.4.1/../../../../arm-none-eabi/lib/armv7-m\libg_nano.a(lib_a-mprec.o)
                0x00004f14                __lshift
 .text.__mcmp   0x00004fb6       0x38 c:/cypress/psoc creator/4.2/psoc creator/import/gnu/arm/5.4.1/bin/../lib/gcc/arm-none-eabi/5.4.1/../../../../arm-none-eabi/lib/armv7-m\libg_nano.a(lib_a-mprec.o)
                0x00004fb6                __mcmp
 .text.__mdiff  0x00004fee       0xbe c:/cypress/psoc creator/4.2/psoc creator/import/gnu/arm/5.4.1/bin/../lib/gcc/arm-none-eabi/5.4.1/../../../../arm-none-eabi/lib/armv7-m\libg_nano.a(lib_a-mprec.o)
                0x00004fee                __mdiff
 .text.__d2b    0x000050ac       0x9c c:/cypress/psoc creator/4.2/psoc creator/import/gnu/arm/5.4.1/bin/../lib/gcc/arm-none-eabi/5.4.1/../../../../arm-none-eabi/lib/armv7-m\libg_nano.a(lib_a-mprec.o)
                0x000050ac                __d2b
 .text._calloc_r
                0x00005148       0x1c c:/cypress/psoc creator/4.2/psoc creator/import/gnu/arm/5.4.1/bin/../lib/gcc/arm-none-eabi/5.4.1/../../../../arm-none-eabi/lib/armv7-m\libg_nano.a(lib_a-nano-callocr.o)
                0x00005148                _calloc_r
 .text._free_r  0x00005164       0x98 c:/cypress/psoc creator/4.2/psoc creator/import/gnu/arm/5.4.1/bin/../lib/gcc/arm-none-eabi/5.4.1/../../../../arm-none-eabi/lib/armv7-m\libg_nano.a(lib_a-nano-freer.o)
                0x00005164                _free_r
 .text._malloc_r
                0x000051fc       0xbc c:/cypress/psoc creator/4.2/psoc creator/import/gnu/arm/5.4.1/bin/../lib/gcc/arm-none-eabi/5.4.1/../../../../arm-none-eabi/lib/armv7-m\libg_nano.a(lib_a-nano-mallocr.o)
                0x000051fc                _malloc_r
 .text.__ssputs_r
                0x000052b8       0xb2 c:/cypress/psoc creator/4.2/psoc creator/import/gnu/arm/5.4.1/bin/../lib/gcc/arm-none-eabi/5.4.1/../../../../arm-none-eabi/lib/armv7-m\libg_nano.a(lib_a-nano-svfprintf.o)
                0x000052b8                __ssputs_r
 *fill*         0x0000536a        0x2 
 .text._svfprintf_r
                0x0000536c      0x1e8 c:/cypress/psoc creator/4.2/psoc creator/import/gnu/arm/5.4.1/bin/../lib/gcc/arm-none-eabi/5.4.1/../../../../arm-none-eabi/lib/armv7-m\libg_nano.a(lib_a-nano-svfprintf.o)
                0x0000536c                _svfiprintf_r
                0x0000536c                _svfprintf_r
 .text._sbrk_r  0x00005554       0x20 c:/cypress/psoc creator/4.2/psoc creator/import/gnu/arm/5.4.1/bin/../lib/gcc/arm-none-eabi/5.4.1/../../../../arm-none-eabi/lib/armv7-m\libg_nano.a(lib_a-sbrkr.o)
                0x00005554                _sbrk_r
 .text.memmove  0x00005574       0x36 c:/cypress/psoc creator/4.2/psoc creator/import/gnu/arm/5.4.1/bin/../lib/gcc/arm-none-eabi/5.4.1/../../../../arm-none-eabi/lib/armv7-m\libg_nano.a(lib_a-memmove.o)
                0x00005574                memmove
 .text.__malloc_lock
                0x000055aa        0x2 c:/cypress/psoc creator/4.2/psoc creator/import/gnu/arm/5.4.1/bin/../lib/gcc/arm-none-eabi/5.4.1/../../../../arm-none-eabi/lib/armv7-m\libg_nano.a(lib_a-mlock.o)
                0x000055aa                __malloc_lock
 .text.__malloc_unlock
                0x000055ac        0x2 c:/cypress/psoc creator/4.2/psoc creator/import/gnu/arm/5.4.1/bin/../lib/gcc/arm-none-eabi/5.4.1/../../../../arm-none-eabi/lib/armv7-m\libg_nano.a(lib_a-mlock.o)
                0x000055ac                __malloc_unlock
 .text._realloc_r
                0x000055ae       0x4c c:/cypress/psoc creator/4.2/psoc creator/import/gnu/arm/5.4.1/bin/../lib/gcc/arm-none-eabi/5.4.1/../../../../arm-none-eabi/lib/armv7-m\libg_nano.a(lib_a-nano-reallocr.o)
                0x000055ae                _realloc_r
 .text._malloc_usable_size_r
                0x000055fa       0x14 c:/cypress/psoc creator/4.2/psoc creator/import/gnu/arm/5.4.1/bin/../lib/gcc/arm-none-eabi/5.4.1/../../../../arm-none-eabi/lib/armv7-m\libg_nano.a(lib_a-nano-msizer.o)
                0x000055fa                _malloc_usable_size_r
 *fill*         0x0000560e        0x2 
 .text          0x00005610      0x370 c:/cypress/psoc creator/4.2/psoc creator/import/gnu/arm/5.4.1/bin/../lib/gcc/arm-none-eabi/5.4.1/armv7-m\libgcc.a(_arm_addsubdf3.o)
                0x00005610                __aeabi_drsub
                0x00005618                __aeabi_dsub
                0x00005618                __subdf3
                0x0000561c                __aeabi_dadd
                0x0000561c                __adddf3
                0x00005894                __floatunsidf
                0x00005894                __aeabi_ui2d
                0x000058b4                __floatsidf
                0x000058b4                __aeabi_i2d
                0x000058d8                __aeabi_f2d
                0x000058d8                __extendsfdf2
                0x00005914                __floatundidf
                0x00005914                __aeabi_ul2d
                0x00005924                __floatdidf
                0x00005924                __aeabi_l2d
 .text          0x00005980      0x424 c:/cypress/psoc creator/4.2/psoc creator/import/gnu/arm/5.4.1/bin/../lib/gcc/arm-none-eabi/5.4.1/armv7-m\libgcc.a(_arm_muldivdf3.o)
                0x00005980                __aeabi_dmul
                0x00005980                __muldf3
                0x00005bd4                __divdf3
                0x00005bd4                __aeabi_ddiv
 .text          0x00005da4      0x110 c:/cypress/psoc creator/4.2/psoc creator/import/gnu/arm/5.4.1/bin/../lib/gcc/arm-none-eabi/5.4.1/armv7-m\libgcc.a(_arm_cmpdf2.o)
                0x00005da4                __gtdf2
                0x00005da4                __gedf2
                0x00005dac                __ltdf2
                0x00005dac                __ledf2
                0x00005db4                __nedf2
                0x00005db4                __eqdf2
                0x00005db4                __cmpdf2
                0x00005e30                __aeabi_cdrcmple
                0x00005e40                __aeabi_cdcmpeq
                0x00005e40                __aeabi_cdcmple
                0x00005e50                __aeabi_dcmpeq
                0x00005e64                __aeabi_dcmplt
                0x00005e78                __aeabi_dcmple
                0x00005e8c                __aeabi_dcmpge
                0x00005ea0                __aeabi_dcmpgt
 .text          0x00005eb4       0x2c c:/cypress/psoc creator/4.2/psoc creator/import/gnu/arm/5.4.1/bin/../lib/gcc/arm-none-eabi/5.4.1/armv7-m\libgcc.a(_arm_unorddf2.o)
                0x00005eb4                __unorddf2
                0x00005eb4                __aeabi_dcmpun
 .text          0x00005ee0       0x50 c:/cypress/psoc creator/4.2/psoc creator/import/gnu/arm/5.4.1/bin/../lib/gcc/arm-none-eabi/5.4.1/armv7-m\libgcc.a(_arm_fixdfsi.o)
                0x00005ee0                __aeabi_d2iz
                0x00005ee0                __fixdfsi
 *(.plt)
 *(.gnu.warning)
 *(.glue_7t)
 .glue_7t       0x00005f30        0x0 linker stubs
 *(.glue_7)
 .glue_7        0x00005f30        0x0 linker stubs
 *(.vfp11_veneer)
 .vfp11_veneer  0x00005f30        0x0 linker stubs
 *(.bootloader)
 *(.ARM.extab* .gnu.linkonce.armextab.*)
 *(.gcc_except_table)

.v4_bx          0x00005f30        0x0
 .v4_bx         0x00005f30        0x0 linker stubs

.iplt           0x00005f30        0x0
 .iplt          0x00005f30        0x0 c:/cypress/psoc creator/4.2/psoc creator/import/gnu/arm/5.4.1/bin/../lib/gcc/arm-none-eabi/5.4.1/armv7-m/crtbegin.o

.eh_frame_hdr
 *(.eh_frame_hdr)

.eh_frame       0x00005f30        0x4
 *(.eh_frame)
 .eh_frame      0x00005f30        0x0 c:/cypress/psoc creator/4.2/psoc creator/import/gnu/arm/5.4.1/bin/../lib/gcc/arm-none-eabi/5.4.1/armv7-m/crtbegin.o
 .eh_frame      0x00005f30        0x4 c:/cypress/psoc creator/4.2/psoc creator/import/gnu/arm/5.4.1/bin/../lib/gcc/arm-none-eabi/5.4.1/armv7-m/crtend.o
                [!provide]                PROVIDE (__exidx_start, .)

.ARM.exidx
 *(.ARM.exidx* .gnu.linkonce.armexidx.*)
                0x00005f34                __exidx_end = .

.rodata         0x00005f38      0x4b8
 *(.rodata .rodata.* .gnu.linkonce.r.*)
 .rodata        0x00005f38       0x7a .\ARM_GCC_541\Debug\main.o
 *fill*         0x00005fb2        0x2 
 .rodata        0x00005fb4       0xbc .\ARM_GCC_541\Debug\cyfitter_cfg.o
 .rodata        0x00006070       0x11 .\ARM_GCC_541\Debug\USBFS_UART01.a(USBUART_std.o)
 *fill*         0x00006081        0x3 
 .rodata        0x00006084      0x1d4 .\ARM_GCC_541\Debug\USBFS_UART01.a(USBUART_descr.o)
                0x00006084                USBUART_DEVICE0_DESCR
                0x00006098                USBUART_DEVICE0_CONFIGURATION0_DESCR
                0x000060dc                USBUART_STRING_DESCRIPTORS
                0x0000617c                USBUART_SN_STRING_DESCRIPTOR
                0x00006180                USBUART_HIDREPORT_DESCRIPTOR1
                0x000061b8                USBUART_DEVICE0_CONFIGURATION0_EP_SETTINGS_TABLE
                0x000061d0                USBUART_DEVICE0_CONFIGURATION0_INTERFACE_CLASS
                0x000061d4                USBUART_DEVICE0_CONFIGURATION0_TABLE
                0x000061fc                USBUART_DEVICE0_TABLE
                0x00006214                USBUART_TABLE
                0x0000621c                USBUART_MSOS_DESCRIPTOR
                0x00006230                USBUART_MSOS_CONFIGURATION_DESCR
 .rodata.str1.1
                0x00006258        0x2 c:/cypress/psoc creator/4.2/psoc creator/import/gnu/arm/5.4.1/bin/../lib/gcc/arm-none-eabi/5.4.1/../../../../arm-none-eabi/lib/armv7-m\libg_nano.a(lib_a-impure.o)
 .rodata.str1.1
                0x0000625a       0x12 c:/cypress/psoc creator/4.2/psoc creator/import/gnu/arm/5.4.1/bin/../lib/gcc/arm-none-eabi/5.4.1/../../../../arm-none-eabi/lib/armv7-m\libg_nano.a(lib_a-nano-vfprintf_float.o)
 .rodata.str1.1
                0x0000626c       0x22 c:/cypress/psoc creator/4.2/psoc creator/import/gnu/arm/5.4.1/bin/../lib/gcc/arm-none-eabi/5.4.1/../../../../arm-none-eabi/lib/armv7-m\libg_nano.a(lib_a-nano-vfprintf_i.o)
 .rodata.str1.1
                0x0000628e        0xd c:/cypress/psoc creator/4.2/psoc creator/import/gnu/arm/5.4.1/bin/../lib/gcc/arm-none-eabi/5.4.1/../../../../arm-none-eabi/lib/armv7-m\libg_nano.a(lib_a-dtoa.o)
                                  0xf (size before relaxing)
 .rodata.str1.1
                0x0000629b        0x8 c:/cypress/psoc creator/4.2/psoc creator/import/gnu/arm/5.4.1/bin/../lib/gcc/arm-none-eabi/5.4.1/../../../../arm-none-eabi/lib/armv7-m\libg_nano.a(lib_a-locale.o)
                                  0xb (size before relaxing)
 *fill*         0x000062a3        0x5 
 .rodata.__mprec_tens
                0x000062a8       0xc8 c:/cypress/psoc creator/4.2/psoc creator/import/gnu/arm/5.4.1/bin/../lib/gcc/arm-none-eabi/5.4.1/../../../../arm-none-eabi/lib/armv7-m\libg_nano.a(lib_a-mprec.o)
                0x000062a8                __mprec_tens
 .rodata.p05.5408
                0x00006370        0xc c:/cypress/psoc creator/4.2/psoc creator/import/gnu/arm/5.4.1/bin/../lib/gcc/arm-none-eabi/5.4.1/../../../../arm-none-eabi/lib/armv7-m\libg_nano.a(lib_a-mprec.o)
 *fill*         0x0000637c        0x4 
 .rodata.__mprec_bigtens
                0x00006380       0x28 c:/cypress/psoc creator/4.2/psoc creator/import/gnu/arm/5.4.1/bin/../lib/gcc/arm-none-eabi/5.4.1/../../../../arm-none-eabi/lib/armv7-m\libg_nano.a(lib_a-mprec.o)
                0x00006380                __mprec_bigtens
 .rodata.str1.1
                0x000063a8       0x11 c:/cypress/psoc creator/4.2/psoc creator/import/gnu/arm/5.4.1/bin/../lib/gcc/arm-none-eabi/5.4.1/../../../../arm-none-eabi/lib/armv7-m\libg_nano.a(lib_a-nano-svfprintf.o)
                0x000063bc                . = ALIGN (0x4)
 *fill*         0x000063b9        0x3 
 *(.init)
 .init          0x000063bc        0x4 c:/cypress/psoc creator/4.2/psoc creator/import/gnu/arm/5.4.1/bin/../lib/gcc/arm-none-eabi/5.4.1/armv7-m/crti.o
                0x000063bc                _init
 .init          0x000063c0        0x8 c:/cypress/psoc creator/4.2/psoc creator/import/gnu/arm/5.4.1/bin/../lib/gcc/arm-none-eabi/5.4.1/armv7-m/crtn.o
                0x000063c8                . = ALIGN (0x4)
                0x000063c8                __preinit_array_start = .
 *(.preinit_array)
                0x000063c8                __preinit_array_end = .
                0x000063c8                . = ALIGN (0x4)
                0x000063c8                __init_array_start = .
 *(SORT(.init_array.*))
 *(.init_array)
 .init_array    0x000063c8        0x4 c:/cypress/psoc creator/4.2/psoc creator/import/gnu/arm/5.4.1/bin/../lib/gcc/arm-none-eabi/5.4.1/armv7-m/crtbegin.o
 .init_array    0x000063cc        0x4 .\ARM_GCC_541\Debug\Cm3Start.o
                0x000063d0                __init_array_end = .
                0x000063d0                . = ALIGN (0x4)
 *(.fini)
 .fini          0x000063d0        0x4 c:/cypress/psoc creator/4.2/psoc creator/import/gnu/arm/5.4.1/bin/../lib/gcc/arm-none-eabi/5.4.1/armv7-m/crti.o
                0x000063d0                _fini
 .fini          0x000063d4        0x8 c:/cypress/psoc creator/4.2/psoc creator/import/gnu/arm/5.4.1/bin/../lib/gcc/arm-none-eabi/5.4.1/armv7-m/crtn.o
                0x000063dc                . = ALIGN (0x4)
                0x000063dc                __fini_array_start = .
 *(.fini_array)
 .fini_array    0x000063dc        0x4 c:/cypress/psoc creator/4.2/psoc creator/import/gnu/arm/5.4.1/bin/../lib/gcc/arm-none-eabi/5.4.1/armv7-m/crtbegin.o
 *(SORT(.fini_array.*))
                0x000063e0                __fini_array_end = .
                0x000063e0                . = ALIGN (0x4)
 *crtbegin.o(.ctors)
 *(EXCLUDE_FILE(*crtend.o) .ctors)
 *(SORT(.ctors.*))
 *crtend.o(.ctors)
                0x000063e0                . = ALIGN (0x4)
 *crtbegin.o(.dtors)
 *(EXCLUDE_FILE(*crtend.o) .dtors)
 *(SORT(.dtors.*))
 *crtend.o(.dtors)
                0x000063e0                . = ALIGN (0x4)
                0x000063e0                __cy_regions = .
                0x000063e0        0x4 LONG 0x63f0 __cy_region_init_ram
                0x000063e4        0x4 LONG 0x1fff80c8 __cy_region_start_data
                0x000063e8        0x4 LONG 0xf0 __cy_region_init_size_ram
                0x000063ec        0x4 LONG 0x118 __cy_region_zero_size_ram
                0x000063f0                __cy_regions_end = .
                0x000063f0                . = ALIGN (0x8)
                0x000063f0                _etext = .

.cy_checksum_exclude
                0x000063f0        0x0
 *(.cy_checksum_exclude)

.ramvectors     0x1fff8000       0xc0
                0x1fff8000                __cy_region_start_ram = .
 *(.ramvectors)
 .ramvectors    0x1fff8000       0xc0 .\ARM_GCC_541\Debug\Cm3Start.o
                0x1fff8000                CyRamVectors

.noinit         0x1fff80c0        0x5
 *(.noinit)
 .noinit        0x1fff80c0        0x4 .\ARM_GCC_541\Debug\Cm3Start.o
 .noinit        0x1fff80c4        0x1 .\ARM_GCC_541\Debug\USBFS_UART01.a(CyLib.o)
                0x1fff80c4                CyResetStatus

.data           0x1fff80c8       0xf0 load address 0x000063f0
                0x1fff80c8                __cy_region_start_data = .
 *(.jcr)
 .jcr           0x1fff80c8        0x0 c:/cypress/psoc creator/4.2/psoc creator/import/gnu/arm/5.4.1/bin/../lib/gcc/arm-none-eabi/5.4.1/armv7-m/crtbegin.o
 .jcr           0x1fff80c8        0x4 c:/cypress/psoc creator/4.2/psoc creator/import/gnu/arm/5.4.1/bin/../lib/gcc/arm-none-eabi/5.4.1/armv7-m/crtend.o
 *(.got.plt)
 *(.got)
 *(.shdata)
 *(.data .data.* .gnu.linkonce.d.*)
 .data          0x1fff80cc       0x20 .\ARM_GCC_541\Debug\main.o
                0x1fff80cc                parity
                0x1fff80e0                stop
 .data          0x1fff80ec        0x4 .\ARM_GCC_541\Debug\Cm3Start.o
 .data          0x1fff80f0       0x1a .\ARM_GCC_541\Debug\USBFS_UART01.a(USBUART_cdc.o)
                0x1fff80f0                USBUART_linesCoding
 *fill*         0x1fff810a        0x2 
 .data          0x1fff810c       0x10 .\ARM_GCC_541\Debug\USBFS_UART01.a(CyLib.o)
                0x1fff810c                cydelay_freq_hz
                0x1fff8110                cydelay_freq_khz
                0x1fff8114                cydelay_freq_mhz
                0x1fff8118                cydelay_32k_ms
 .data.impure_data
                0x1fff811c       0x60 c:/cypress/psoc creator/4.2/psoc creator/import/gnu/arm/5.4.1/bin/../lib/gcc/arm-none-eabi/5.4.1/../../../../arm-none-eabi/lib/armv7-m\libg_nano.a(lib_a-impure.o)
 .data._impure_ptr
                0x1fff817c        0x4 c:/cypress/psoc creator/4.2/psoc creator/import/gnu/arm/5.4.1/bin/../lib/gcc/arm-none-eabi/5.4.1/../../../../arm-none-eabi/lib/armv7-m\libg_nano.a(lib_a-impure.o)
                0x1fff817c                _impure_ptr
 .data.lconv    0x1fff8180       0x38 c:/cypress/psoc creator/4.2/psoc creator/import/gnu/arm/5.4.1/bin/../lib/gcc/arm-none-eabi/5.4.1/../../../../arm-none-eabi/lib/armv7-m\libg_nano.a(lib_a-locale.o)
                0x1fff81b8                . = ALIGN (0x8)
 *(.ram)
                0x1fff81b8                _edata = .

.igot.plt       0x1fff81b8        0x0 load address 0x000064e0
 .igot.plt      0x1fff81b8        0x0 c:/cypress/psoc creator/4.2/psoc creator/import/gnu/arm/5.4.1/bin/../lib/gcc/arm-none-eabi/5.4.1/armv7-m/crtbegin.o

.bss            0x1fff81b8      0x118 load address 0x000064e0
                0x1fff81b8                PROVIDE (__bss_start__, .)
 *(.shbss)
 *(.bss .bss.* .gnu.linkonce.b.*)
 .bss           0x1fff81b8       0x1c c:/cypress/psoc creator/4.2/psoc creator/import/gnu/arm/5.4.1/bin/../lib/gcc/arm-none-eabi/5.4.1/armv7-m/crtbegin.o
 .bss           0x1fff81d4        0x1 .\ARM_GCC_541\Debug\USBFS_UART01.a(USBUART.o)
                0x1fff81d4                USBUART_initVar
 .bss           0x1fff81d5        0x1 .\ARM_GCC_541\Debug\USBFS_UART01.a(USBUART_cdc.o)
 *fill*         0x1fff81d6        0x2 
 .bss           0x1fff81d8        0x2 .\ARM_GCC_541\Debug\USBFS_UART01.a(USBUART_std.o)
 .bss           0x1fff81da        0x2 .\ARM_GCC_541\Debug\USBFS_UART01.a(LCD.o)
                0x1fff81da                LCD_enableState
                0x1fff81db                LCD_initVar
 .bss.__malloc_sbrk_start
                0x1fff81dc        0x4 c:/cypress/psoc creator/4.2/psoc creator/import/gnu/arm/5.4.1/bin/../lib/gcc/arm-none-eabi/5.4.1/../../../../arm-none-eabi/lib/armv7-m\libg_nano.a(lib_a-nano-mallocr.o)
                0x1fff81dc                __malloc_sbrk_start
 .bss.__malloc_free_list
                0x1fff81e0        0x4 c:/cypress/psoc creator/4.2/psoc creator/import/gnu/arm/5.4.1/bin/../lib/gcc/arm-none-eabi/5.4.1/../../../../arm-none-eabi/lib/armv7-m\libg_nano.a(lib_a-nano-mallocr.o)
                0x1fff81e0                __malloc_free_list
 *(COMMON)
 COMMON         0x1fff81e4       0x18 .\ARM_GCC_541\Debug\USBFS_UART01.a(USBUART_cdc.o)
                0x1fff81e4                USBUART_linesChanged
                0x1fff81e8                USBUART_cdcDataInEp
                0x1fff81ec                USBUART_cdcCommInInterruptEp
                0x1fff81f0                USBUART_cdcDataOutEp
                0x1fff81f4                USBUART_serialStateBitmap
                0x1fff81f8                USBUART_linesControlBitmap
 COMMON         0x1fff81fc       0x9a .\ARM_GCC_541\Debug\USBFS_UART01.a(USBUART_drv.o)
                0x1fff81fc                USBUART_lastPacketSize
                0x1fff81fd                USBUART_device
                0x1fff81fe                USBUART_transferByteCount
                0x1fff8200                USBUART_transferState
                0x1fff8204                USBUART_interfaceSettingLast
                0x1fff8208                USBUART_currentTD
                0x1fff8214                USBUART_interfaceNumber
                0x1fff8218                USBUART_interfaceClass
                0x1fff821c                USBUART_configurationChanged
                0x1fff821d                USBUART_ep0Mode
                0x1fff821e                USBUART_deviceAddress
                0x1fff821f                USBUART_configuration
                0x1fff8220                USBUART_ep0Count
                0x1fff8221                USBUART_deviceStatus
                0x1fff8224                USBUART_EP
                0x1fff8290                USBUART_interfaceSetting
                0x1fff8292                USBUART_ep0Toggle
                0x1fff8294                USBUART_interfaceStatus
 *fill*         0x1fff8296        0x2 
 COMMON         0x1fff8298        0xa .\ARM_GCC_541\Debug\USBFS_UART01.a(USBUART_hid.o)
                0x1fff8298                USBUART_hidProtocol
                0x1fff829c                USBUART_hidIdleTimer
                0x1fff82a0                USBUART_hidIdleRate
 *fill*         0x1fff82a2        0x2 
 COMMON         0x1fff82a4       0x22 .\ARM_GCC_541\Debug\USBFS_UART01.a(USBUART_descr.o)
                0x1fff82a4                USBUART_idSerialNumberStringDescriptor
 *fill*         0x1fff82c6        0x2 
 COMMON         0x1fff82c8        0x4 c:/cypress/psoc creator/4.2/psoc creator/import/gnu/arm/5.4.1/bin/../lib/gcc/arm-none-eabi/5.4.1/../../../../arm-none-eabi/lib/armv7-m\libg_nano.a(lib_a-reent.o)
                0x1fff82c8                errno
                0x1fff82d0                . = ALIGN (0x8)
 *fill*         0x1fff82cc        0x4 
 *(.ram.b)
                0x1fff82d0                _end = .
                0x1fff82d0                __end = .
                0x1fff82d0                PROVIDE (end, .)
                0x1fff82d0                PROVIDE (__bss_end__, .)
                0x000063f0                __cy_region_init_ram = LOADADDR (.data)
                0x000000f0                __cy_region_init_size_ram = (_edata - ADDR (.data))
                0x00000118                __cy_region_zero_size_ram = (_end - _edata)

.heap           0x1fff82d0       0x80 load address 0x000064e0
                0x1fff82d0                . = _end
                0x1fff8350                . = (. + 0x80)
 *fill*         0x1fff82d0       0x80 
                0x1fff8350                __cy_heap_limit = .

.stack          0x20007800      0x800
                0x20007800                __cy_stack_limit = .
                0x20008000                . = (. + 0x800)
 *fill*         0x20007800      0x800 
                0x00000001                ASSERT ((__cy_stack_limit >= __cy_heap_limit), region RAM overflowed with stack)
                0x00000000                cy_checksum_exclude_size = (CY_APPL_LOADABLE == 0x1)?SIZEOF (.cy_checksum_exclude):0x0
                0x00000001                ASSERT ((cy_checksum_exclude_size <= CY_CHECKSUM_EXCLUDE_SIZE), CY_BOOT: Section .cy_checksum_exclude size exceedes specified limit.)

.cyloadermeta
 *(.cyloadermeta)

.cyloadablemeta
 *(.cyloadablemeta)

.cyconfigecc    0x80000000        0x1
 *(.cyconfigecc)
 .cyconfigecc   0x80000000        0x1 .\ARM_GCC_541\Debug\cymetadata.o
                0x80000000                cy_meta_configecc

.cycustnvl      0x90000000        0x4
 *(.cycustnvl)
 .cycustnvl     0x90000000        0x4 .\ARM_GCC_541\Debug\cymetadata.o
                0x90000000                cy_meta_custnvl

.cywolatch      0x90100000        0x4
 *(.cywolatch)
 .cywolatch     0x90100000        0x4 .\ARM_GCC_541\Debug\cymetadata.o
                0x90100000                cy_meta_wonvl

.cyeeprom       0x90200000        0x0
 *(.cyeeprom)
                0x00000001                ASSERT ((. <= ((0x90200000 + ee_offset) + ee_size)), .cyeeprom data will not fit in EEPROM)

.cyflashprotect
                0x90400000      0x100
 *(.cyflashprotect)
 .cyflashprotect
                0x90400000      0x100 .\ARM_GCC_541\Debug\cymetadata.o
                0x90400000                cy_meta_flashprotect

.cymeta         0x90500000        0xc
 *(.cymeta)
 .cymeta        0x90500000        0xc .\ARM_GCC_541\Debug\cymetadata.o
                0x90500000                cy_metadata

.rel.dyn        0x000064e0        0x0 load address 0x9050000c
 .rel.iplt      0x000064e0        0x0 c:/cypress/psoc creator/4.2/psoc creator/import/gnu/arm/5.4.1/bin/../lib/gcc/arm-none-eabi/5.4.1/armv7-m/crtbegin.o

.stab
 *(.stab)

.stabstr
 *(.stabstr)

.debug
 *(.debug)

.line
 *(.line)

.debug_srcinfo
 *(.debug_srcinfo)

.debug_sfnames
 *(.debug_sfnames)

.debug_aranges  0x00000000      0xa98
 *(.debug_aranges)
 .debug_aranges
                0x00000000       0x20 .\ARM_GCC_541\Debug\main.o
 .debug_aranges
                0x00000020       0x60 .\ARM_GCC_541\Debug\cyfitter_cfg.o
 .debug_aranges
                0x00000080       0x18 .\ARM_GCC_541\Debug\cymetadata.o
 .debug_aranges
                0x00000098       0x48 .\ARM_GCC_541\Debug\Cm3Start.o
 .debug_aranges
                0x000000e0       0xc8 .\ARM_GCC_541\Debug\USBFS_UART01.a(USBUART.o)
 .debug_aranges
                0x000001a8       0xe8 .\ARM_GCC_541\Debug\USBFS_UART01.a(USBUART_cdc.o)
 .debug_aranges
                0x00000290       0x98 .\ARM_GCC_541\Debug\USBFS_UART01.a(USBUART_drv.o)
 .debug_aranges
                0x00000328       0x40 .\ARM_GCC_541\Debug\USBFS_UART01.a(USBUART_episr.o)
 .debug_aranges
                0x00000368       0x48 .\ARM_GCC_541\Debug\USBFS_UART01.a(USBUART_hid.o)
 .debug_aranges
                0x000003b0       0x40 .\ARM_GCC_541\Debug\USBFS_UART01.a(USBUART_pm.o)
 .debug_aranges
                0x000003f0       0x80 .\ARM_GCC_541\Debug\USBFS_UART01.a(USBUART_std.o)
 .debug_aranges
                0x00000470       0x20 .\ARM_GCC_541\Debug\USBFS_UART01.a(USBUART_vnd.o)
 .debug_aranges
                0x00000490       0x98 .\ARM_GCC_541\Debug\USBFS_UART01.a(LCD.o)
 .debug_aranges
                0x00000528       0x48 .\ARM_GCC_541\Debug\USBFS_UART01.a(USBUART_Dp.o)
 .debug_aranges
                0x00000570      0x2a8 .\ARM_GCC_541\Debug\USBFS_UART01.a(CyLib.o)
 .debug_aranges
                0x00000818       0x98 .\ARM_GCC_541\Debug\USBFS_UART01.a(cyPm.o)
 .debug_aranges
                0x000008b0       0x20 .\ARM_GCC_541\Debug\USBFS_UART01.a(CyBootAsmGnu.o)
 .debug_aranges
                0x000008d0       0x80 .\ARM_GCC_541\Debug\USBFS_UART01.a(CyScBoostClk.o)
 .debug_aranges
                0x00000950       0x20 .\ARM_GCC_541\Debug\USBFS_UART01.a(USBUART_cls.o)
 .debug_aranges
                0x00000970       0x18 .\ARM_GCC_541\Debug\USBFS_UART01.a(USBUART_descr.o)
 .debug_aranges
                0x00000988       0x90 .\ARM_GCC_541\Debug\USBFS_UART01.a(CyFlash.o)
 .debug_aranges
                0x00000a18       0x80 .\ARM_GCC_541\Debug\USBFS_UART01.a(CySpc.o)

.debug_pubnames
 *(.debug_pubnames)

.debug_info     0x00000000     0x5c82
 *(.debug_info .gnu.linkonce.wi.*)
 .debug_info    0x00000000      0x1ce .\ARM_GCC_541\Debug\main.o
 .debug_info    0x000001ce      0x47c .\ARM_GCC_541\Debug\cyfitter_cfg.o
 .debug_info    0x0000064a      0x134 .\ARM_GCC_541\Debug\cymetadata.o
 .debug_info    0x0000077e      0x32b .\ARM_GCC_541\Debug\Cm3Start.o
 .debug_info    0x00000aa9      0x747 .\ARM_GCC_541\Debug\USBFS_UART01.a(USBUART.o)
 .debug_info    0x000011f0      0x924 .\ARM_GCC_541\Debug\USBFS_UART01.a(USBUART_cdc.o)
 .debug_info    0x00001b14      0x52d .\ARM_GCC_541\Debug\USBFS_UART01.a(USBUART_drv.o)
 .debug_info    0x00002041      0x23b .\ARM_GCC_541\Debug\USBFS_UART01.a(USBUART_episr.o)
 .debug_info    0x0000227c      0x37b .\ARM_GCC_541\Debug\USBFS_UART01.a(USBUART_hid.o)
 .debug_info    0x000025f7      0x18d .\ARM_GCC_541\Debug\USBFS_UART01.a(USBUART_pm.o)
 .debug_info    0x00002784      0x961 .\ARM_GCC_541\Debug\USBFS_UART01.a(USBUART_std.o)
 .debug_info    0x000030e5      0x1a9 .\ARM_GCC_541\Debug\USBFS_UART01.a(USBUART_vnd.o)
 .debug_info    0x0000328e      0x3cf .\ARM_GCC_541\Debug\USBFS_UART01.a(LCD.o)
 .debug_info    0x0000365d      0x171 .\ARM_GCC_541\Debug\USBFS_UART01.a(USBUART_Dp.o)
 .debug_info    0x000037ce      0xe88 .\ARM_GCC_541\Debug\USBFS_UART01.a(CyLib.o)
 .debug_info    0x00004656      0x57a .\ARM_GCC_541\Debug\USBFS_UART01.a(cyPm.o)
 .debug_info    0x00004bd0       0x76 .\ARM_GCC_541\Debug\USBFS_UART01.a(CyBootAsmGnu.o)
 .debug_info    0x00004c46      0x299 .\ARM_GCC_541\Debug\USBFS_UART01.a(CyScBoostClk.o)
 .debug_info    0x00004edf      0x1c8 .\ARM_GCC_541\Debug\USBFS_UART01.a(USBUART_cls.o)
 .debug_info    0x000050a7      0x30b .\ARM_GCC_541\Debug\USBFS_UART01.a(USBUART_descr.o)
 .debug_info    0x000053b2      0x410 .\ARM_GCC_541\Debug\USBFS_UART01.a(CyFlash.o)
 .debug_info    0x000057c2      0x4c0 .\ARM_GCC_541\Debug\USBFS_UART01.a(CySpc.o)

.debug_abbrev   0x00000000     0x1a60
 *(.debug_abbrev)
 .debug_abbrev  0x00000000       0xcb .\ARM_GCC_541\Debug\main.o
 .debug_abbrev  0x000000cb      0x19f .\ARM_GCC_541\Debug\cyfitter_cfg.o
 .debug_abbrev  0x0000026a       0x5d .\ARM_GCC_541\Debug\cymetadata.o
 .debug_abbrev  0x000002c7      0x1d6 .\ARM_GCC_541\Debug\Cm3Start.o
 .debug_abbrev  0x0000049d      0x1f3 .\ARM_GCC_541\Debug\USBFS_UART01.a(USBUART.o)
 .debug_abbrev  0x00000690      0x233 .\ARM_GCC_541\Debug\USBFS_UART01.a(USBUART_cdc.o)
 .debug_abbrev  0x000008c3      0x161 .\ARM_GCC_541\Debug\USBFS_UART01.a(USBUART_drv.o)
 .debug_abbrev  0x00000a24       0xfd .\ARM_GCC_541\Debug\USBFS_UART01.a(USBUART_episr.o)
 .debug_abbrev  0x00000b21      0x15e .\ARM_GCC_541\Debug\USBFS_UART01.a(USBUART_hid.o)
 .debug_abbrev  0x00000c7f       0xd1 .\ARM_GCC_541\Debug\USBFS_UART01.a(USBUART_pm.o)
 .debug_abbrev  0x00000d50      0x1c2 .\ARM_GCC_541\Debug\USBFS_UART01.a(USBUART_std.o)
 .debug_abbrev  0x00000f12       0xc5 .\ARM_GCC_541\Debug\USBFS_UART01.a(USBUART_vnd.o)
 .debug_abbrev  0x00000fd7      0x120 .\ARM_GCC_541\Debug\USBFS_UART01.a(LCD.o)
 .debug_abbrev  0x000010f7       0x90 .\ARM_GCC_541\Debug\USBFS_UART01.a(USBUART_Dp.o)
 .debug_abbrev  0x00001187      0x217 .\ARM_GCC_541\Debug\USBFS_UART01.a(CyLib.o)
 .debug_abbrev  0x0000139e      0x161 .\ARM_GCC_541\Debug\USBFS_UART01.a(cyPm.o)
 .debug_abbrev  0x000014ff       0x14 .\ARM_GCC_541\Debug\USBFS_UART01.a(CyBootAsmGnu.o)
 .debug_abbrev  0x00001513      0x11d .\ARM_GCC_541\Debug\USBFS_UART01.a(CyScBoostClk.o)
 .debug_abbrev  0x00001630       0xc5 .\ARM_GCC_541\Debug\USBFS_UART01.a(USBUART_cls.o)
 .debug_abbrev  0x000016f5       0xb4 .\ARM_GCC_541\Debug\USBFS_UART01.a(USBUART_descr.o)
 .debug_abbrev  0x000017a9      0x14b .\ARM_GCC_541\Debug\USBFS_UART01.a(CyFlash.o)
 .debug_abbrev  0x000018f4      0x16c .\ARM_GCC_541\Debug\USBFS_UART01.a(CySpc.o)

.debug_line     0x00000000     0x2dc5
 *(.debug_line)
 .debug_line    0x00000000      0x1ae .\ARM_GCC_541\Debug\main.o
 .debug_line    0x000001ae      0x1da .\ARM_GCC_541\Debug\cyfitter_cfg.o
 .debug_line    0x00000388      0x119 .\ARM_GCC_541\Debug\cymetadata.o
 .debug_line    0x000004a1      0x1c8 .\ARM_GCC_541\Debug\Cm3Start.o
 .debug_line    0x00000669      0x327 .\ARM_GCC_541\Debug\USBFS_UART01.a(USBUART.o)
 .debug_line    0x00000990      0x30c .\ARM_GCC_541\Debug\USBFS_UART01.a(USBUART_cdc.o)
 .debug_line    0x00000c9c      0x21f .\ARM_GCC_541\Debug\USBFS_UART01.a(USBUART_drv.o)
 .debug_line    0x00000ebb       0xf2 .\ARM_GCC_541\Debug\USBFS_UART01.a(USBUART_episr.o)
 .debug_line    0x00000fad      0x179 .\ARM_GCC_541\Debug\USBFS_UART01.a(USBUART_hid.o)
 .debug_line    0x00001126       0xe6 .\ARM_GCC_541\Debug\USBFS_UART01.a(USBUART_pm.o)
 .debug_line    0x0000120c      0x470 .\ARM_GCC_541\Debug\USBFS_UART01.a(USBUART_std.o)
 .debug_line    0x0000167c       0x8f .\ARM_GCC_541\Debug\USBFS_UART01.a(USBUART_vnd.o)
 .debug_line    0x0000170b      0x1e1 .\ARM_GCC_541\Debug\USBFS_UART01.a(LCD.o)
 .debug_line    0x000018ec       0xbf .\ARM_GCC_541\Debug\USBFS_UART01.a(USBUART_Dp.o)
 .debug_line    0x000019ab      0x8b5 .\ARM_GCC_541\Debug\USBFS_UART01.a(CyLib.o)
 .debug_line    0x00002260      0x38e .\ARM_GCC_541\Debug\USBFS_UART01.a(cyPm.o)
 .debug_line    0x000025ee       0x7d .\ARM_GCC_541\Debug\USBFS_UART01.a(CyBootAsmGnu.o)
 .debug_line    0x0000266b      0x1cf .\ARM_GCC_541\Debug\USBFS_UART01.a(CyScBoostClk.o)
 .debug_line    0x0000283a       0x97 .\ARM_GCC_541\Debug\USBFS_UART01.a(USBUART_cls.o)
 .debug_line    0x000028d1       0x61 .\ARM_GCC_541\Debug\USBFS_UART01.a(USBUART_descr.o)
 .debug_line    0x00002932      0x242 .\ARM_GCC_541\Debug\USBFS_UART01.a(CyFlash.o)
 .debug_line    0x00002b74      0x251 .\ARM_GCC_541\Debug\USBFS_UART01.a(CySpc.o)

.debug_frame    0x00000000     0x319c
 *(.debug_frame)
 .debug_frame   0x00000000       0x3c .\ARM_GCC_541\Debug\main.o
 .debug_frame   0x0000003c      0x16c .\ARM_GCC_541\Debug\cyfitter_cfg.o
 .debug_frame   0x000001a8       0xd8 .\ARM_GCC_541\Debug\Cm3Start.o
 .debug_frame   0x00000280      0x380 .\ARM_GCC_541\Debug\USBFS_UART01.a(USBUART.o)
 .debug_frame   0x00000600      0x3ec .\ARM_GCC_541\Debug\USBFS_UART01.a(USBUART_cdc.o)
 .debug_frame   0x000009ec      0x23c .\ARM_GCC_541\Debug\USBFS_UART01.a(USBUART_drv.o)
 .debug_frame   0x00000c28       0xbc .\ARM_GCC_541\Debug\USBFS_UART01.a(USBUART_episr.o)
 .debug_frame   0x00000ce4      0x100 .\ARM_GCC_541\Debug\USBFS_UART01.a(USBUART_hid.o)
 .debug_frame   0x00000de4       0xbc .\ARM_GCC_541\Debug\USBFS_UART01.a(USBUART_pm.o)
 .debug_frame   0x00000ea0      0x224 .\ARM_GCC_541\Debug\USBFS_UART01.a(USBUART_std.o)
 .debug_frame   0x000010c4       0x38 .\ARM_GCC_541\Debug\USBFS_UART01.a(USBUART_vnd.o)
 .debug_frame   0x000010fc      0x260 .\ARM_GCC_541\Debug\USBFS_UART01.a(LCD.o)
 .debug_frame   0x0000135c       0xf4 .\ARM_GCC_541\Debug\USBFS_UART01.a(USBUART_Dp.o)
 .debug_frame   0x00001450      0xc34 .\ARM_GCC_541\Debug\USBFS_UART01.a(CyLib.o)
 .debug_frame   0x00002084      0x234 .\ARM_GCC_541\Debug\USBFS_UART01.a(cyPm.o)
 .debug_frame   0x000022b8      0x200 .\ARM_GCC_541\Debug\USBFS_UART01.a(CyScBoostClk.o)
 .debug_frame   0x000024b8       0x38 .\ARM_GCC_541\Debug\USBFS_UART01.a(USBUART_cls.o)
 .debug_frame   0x000024f0      0x260 .\ARM_GCC_541\Debug\USBFS_UART01.a(CyFlash.o)
 .debug_frame   0x00002750      0x228 .\ARM_GCC_541\Debug\USBFS_UART01.a(CySpc.o)
 .debug_frame   0x00002978       0x20 c:/cypress/psoc creator/4.2/psoc creator/import/gnu/arm/5.4.1/bin/../lib/gcc/arm-none-eabi/5.4.1/../../../../arm-none-eabi/lib/armv7-m\libg_nano.a(lib_a-errno.o)
 .debug_frame   0x00002998       0x28 c:/cypress/psoc creator/4.2/psoc creator/import/gnu/arm/5.4.1/bin/../lib/gcc/arm-none-eabi/5.4.1/../../../../arm-none-eabi/lib/armv7-m\libg_nano.a(lib_a-exit.o)
 .debug_frame   0x000029c0       0x2c c:/cypress/psoc creator/4.2/psoc creator/import/gnu/arm/5.4.1/bin/../lib/gcc/arm-none-eabi/5.4.1/../../../../arm-none-eabi/lib/armv7-m\libg_nano.a(lib_a-init.o)
 .debug_frame   0x000029ec       0x28 c:/cypress/psoc creator/4.2/psoc creator/import/gnu/arm/5.4.1/bin/../lib/gcc/arm-none-eabi/5.4.1/../../../../arm-none-eabi/lib/armv7-m\libg_nano.a(lib_a-memcpy-stub.o)
 .debug_frame   0x00002a14       0x20 c:/cypress/psoc creator/4.2/psoc creator/import/gnu/arm/5.4.1/bin/../lib/gcc/arm-none-eabi/5.4.1/../../../../arm-none-eabi/lib/armv7-m\libg_nano.a(lib_a-memset.o)
 .debug_frame   0x00002a34       0x8c c:/cypress/psoc creator/4.2/psoc creator/import/gnu/arm/5.4.1/bin/../lib/gcc/arm-none-eabi/5.4.1/../../../../arm-none-eabi/lib/armv7-m\libg_nano.a(lib_a-nano-vfprintf_float.o)
 .debug_frame   0x00002ac0       0x60 c:/cypress/psoc creator/4.2/psoc creator/import/gnu/arm/5.4.1/bin/../lib/gcc/arm-none-eabi/5.4.1/../../../../arm-none-eabi/lib/armv7-m\libg_nano.a(lib_a-nano-vfprintf_i.o)
 .debug_frame   0x00002b20       0x70 c:/cypress/psoc creator/4.2/psoc creator/import/gnu/arm/5.4.1/bin/../lib/gcc/arm-none-eabi/5.4.1/../../../../arm-none-eabi/lib/armv7-m\libg_nano.a(lib_a-sprintf.o)
 .debug_frame   0x00002b90       0x6c c:/cypress/psoc creator/4.2/psoc creator/import/gnu/arm/5.4.1/bin/../lib/gcc/arm-none-eabi/5.4.1/../../../../arm-none-eabi/lib/armv7-m\libg_nano.a(lib_a-dtoa.o)
 .debug_frame   0x00002bfc       0x98 c:/cypress/psoc creator/4.2/psoc creator/import/gnu/arm/5.4.1/bin/../lib/gcc/arm-none-eabi/5.4.1/../../../../arm-none-eabi/lib/armv7-m\libg_nano.a(lib_a-locale.o)
 .debug_frame   0x00002c94       0x30 c:/cypress/psoc creator/4.2/psoc creator/import/gnu/arm/5.4.1/bin/../lib/gcc/arm-none-eabi/5.4.1/../../../../arm-none-eabi/lib/armv7-m\libg_nano.a(lib_a-malloc.o)
 .debug_frame   0x00002cc4       0x28 c:/cypress/psoc creator/4.2/psoc creator/import/gnu/arm/5.4.1/bin/../lib/gcc/arm-none-eabi/5.4.1/../../../../arm-none-eabi/lib/armv7-m\libg_nano.a(lib_a-memchr-stub.o)
 .debug_frame   0x00002cec      0x234 c:/cypress/psoc creator/4.2/psoc creator/import/gnu/arm/5.4.1/bin/../lib/gcc/arm-none-eabi/5.4.1/../../../../arm-none-eabi/lib/armv7-m\libg_nano.a(lib_a-mprec.o)
 .debug_frame   0x00002f20       0x2c c:/cypress/psoc creator/4.2/psoc creator/import/gnu/arm/5.4.1/bin/../lib/gcc/arm-none-eabi/5.4.1/../../../../arm-none-eabi/lib/armv7-m\libg_nano.a(lib_a-nano-callocr.o)
 .debug_frame   0x00002f4c       0x38 c:/cypress/psoc creator/4.2/psoc creator/import/gnu/arm/5.4.1/bin/../lib/gcc/arm-none-eabi/5.4.1/../../../../arm-none-eabi/lib/armv7-m\libg_nano.a(lib_a-nano-freer.o)
 .debug_frame   0x00002f84       0x2c c:/cypress/psoc creator/4.2/psoc creator/import/gnu/arm/5.4.1/bin/../lib/gcc/arm-none-eabi/5.4.1/../../../../arm-none-eabi/lib/armv7-m\libg_nano.a(lib_a-nano-mallocr.o)
 .debug_frame   0x00002fb0       0x90 c:/cypress/psoc creator/4.2/psoc creator/import/gnu/arm/5.4.1/bin/../lib/gcc/arm-none-eabi/5.4.1/../../../../arm-none-eabi/lib/armv7-m\libg_nano.a(lib_a-nano-svfprintf.o)
 .debug_frame   0x00003040       0x2c c:/cypress/psoc creator/4.2/psoc creator/import/gnu/arm/5.4.1/bin/../lib/gcc/arm-none-eabi/5.4.1/../../../../arm-none-eabi/lib/armv7-m\libg_nano.a(lib_a-sbrkr.o)
 .debug_frame   0x0000306c       0x20 c:/cypress/psoc creator/4.2/psoc creator/import/gnu/arm/5.4.1/bin/../lib/gcc/arm-none-eabi/5.4.1/../../../../arm-none-eabi/lib/armv7-m\libg_nano.a(lib_a-strcmp.o)
 .debug_frame   0x0000308c       0x28 c:/cypress/psoc creator/4.2/psoc creator/import/gnu/arm/5.4.1/bin/../lib/gcc/arm-none-eabi/5.4.1/../../../../arm-none-eabi/lib/armv7-m\libg_nano.a(lib_a-memmove.o)
 .debug_frame   0x000030b4       0x30 c:/cypress/psoc creator/4.2/psoc creator/import/gnu/arm/5.4.1/bin/../lib/gcc/arm-none-eabi/5.4.1/../../../../arm-none-eabi/lib/armv7-m\libg_nano.a(lib_a-mlock.o)
 .debug_frame   0x000030e4       0x3c c:/cypress/psoc creator/4.2/psoc creator/import/gnu/arm/5.4.1/bin/../lib/gcc/arm-none-eabi/5.4.1/../../../../arm-none-eabi/lib/armv7-m\libg_nano.a(lib_a-nano-reallocr.o)
 .debug_frame   0x00003120       0x5c c:/cypress/psoc creator/4.2/psoc creator/import/gnu/arm/5.4.1/bin/../lib/gcc/arm-none-eabi/5.4.1/../../../../arm-none-eabi/lib/armv7-m\libg_nano.a(lib_a-reent.o)
 .debug_frame   0x0000317c       0x20 c:/cypress/psoc creator/4.2/psoc creator/import/gnu/arm/5.4.1/bin/../lib/gcc/arm-none-eabi/5.4.1/../../../../arm-none-eabi/lib/armv7-m\libg_nano.a(lib_a-nano-msizer.o)

.debug_str      0x00000000     0x2965
 *(.debug_str)
 .debug_str     0x00000000      0x192 .\ARM_GCC_541\Debug\main.o
                                0x1df (size before relaxing)
 .debug_str     0x00000192      0x1c9 .\ARM_GCC_541\Debug\cyfitter_cfg.o
                                0x360 (size before relaxing)
 .debug_str     0x0000035b       0x7f .\ARM_GCC_541\Debug\cymetadata.o
                                0x1ca (size before relaxing)
 .debug_str     0x000003da      0x123 .\ARM_GCC_541\Debug\Cm3Start.o
                                0x2bd (size before relaxing)
 .debug_str     0x000004fd      0x448 .\ARM_GCC_541\Debug\USBFS_UART01.a(USBUART.o)
                                0x5e5 (size before relaxing)
 .debug_str     0x00000945      0x4d3 .\ARM_GCC_541\Debug\USBFS_UART01.a(USBUART_cdc.o)
                                0x700 (size before relaxing)
 .debug_str     0x00000e18      0x296 .\ARM_GCC_541\Debug\USBFS_UART01.a(USBUART_drv.o)
                                0x5e0 (size before relaxing)
 .debug_str     0x000010ae       0x80 .\ARM_GCC_541\Debug\USBFS_UART01.a(USBUART_episr.o)
                                0x2ad (size before relaxing)
 .debug_str     0x0000112e      0x120 .\ARM_GCC_541\Debug\USBFS_UART01.a(USBUART_hid.o)
                                0x37b (size before relaxing)
 .debug_str     0x0000124e       0xa0 .\ARM_GCC_541\Debug\USBFS_UART01.a(USBUART_pm.o)
                                0x251 (size before relaxing)
 .debug_str     0x000012ee      0x29a .\ARM_GCC_541\Debug\USBFS_UART01.a(USBUART_std.o)
                                0x740 (size before relaxing)
 .debug_str     0x00001588       0x5f .\ARM_GCC_541\Debug\USBFS_UART01.a(USBUART_vnd.o)
                                0x25d (size before relaxing)
 .debug_str     0x000015e7      0x16a .\ARM_GCC_541\Debug\USBFS_UART01.a(LCD.o)
                                0x2ff (size before relaxing)
 .debug_str     0x00001751       0xbe .\ARM_GCC_541\Debug\USBFS_UART01.a(USBUART_Dp.o)
                                0x227 (size before relaxing)
 .debug_str     0x0000180f      0x80d .\ARM_GCC_541\Debug\USBFS_UART01.a(CyLib.o)
                                0x9f4 (size before relaxing)
 .debug_str     0x0000201c      0x371 .\ARM_GCC_541\Debug\USBFS_UART01.a(cyPm.o)
                                0x529 (size before relaxing)
 .debug_str     0x0000238d      0x1e3 .\ARM_GCC_541\Debug\USBFS_UART01.a(CyScBoostClk.o)
                                0x355 (size before relaxing)
 .debug_str     0x00002570       0x3f .\ARM_GCC_541\Debug\USBFS_UART01.a(USBUART_cls.o)
                                0x275 (size before relaxing)
 .debug_str     0x000025af      0x122 .\ARM_GCC_541\Debug\USBFS_UART01.a(USBUART_descr.o)
                                0x396 (size before relaxing)
 .debug_str     0x000026d1      0x167 .\ARM_GCC_541\Debug\USBFS_UART01.a(CyFlash.o)
                                0x305 (size before relaxing)
 .debug_str     0x00002838      0x12d .\ARM_GCC_541\Debug\USBFS_UART01.a(CySpc.o)
                                0x2e7 (size before relaxing)

.debug_loc
 *(.debug_loc)

.debug_macinfo
 *(.debug_macinfo)

.debug_ranges   0x00000000      0x918
 *(.debug_ranges)
 .debug_ranges  0x00000000       0x10 .\ARM_GCC_541\Debug\main.o
 .debug_ranges  0x00000010       0x50 .\ARM_GCC_541\Debug\cyfitter_cfg.o
 .debug_ranges  0x00000060       0x38 .\ARM_GCC_541\Debug\Cm3Start.o
 .debug_ranges  0x00000098       0xb8 .\ARM_GCC_541\Debug\USBFS_UART01.a(USBUART.o)
 .debug_ranges  0x00000150       0xd8 .\ARM_GCC_541\Debug\USBFS_UART01.a(USBUART_cdc.o)
 .debug_ranges  0x00000228       0x88 .\ARM_GCC_541\Debug\USBFS_UART01.a(USBUART_drv.o)
 .debug_ranges  0x000002b0       0x30 .\ARM_GCC_541\Debug\USBFS_UART01.a(USBUART_episr.o)
 .debug_ranges  0x000002e0       0x38 .\ARM_GCC_541\Debug\USBFS_UART01.a(USBUART_hid.o)
 .debug_ranges  0x00000318       0x30 .\ARM_GCC_541\Debug\USBFS_UART01.a(USBUART_pm.o)
 .debug_ranges  0x00000348       0x70 .\ARM_GCC_541\Debug\USBFS_UART01.a(USBUART_std.o)
 .debug_ranges  0x000003b8       0x10 .\ARM_GCC_541\Debug\USBFS_UART01.a(USBUART_vnd.o)
 .debug_ranges  0x000003c8       0x88 .\ARM_GCC_541\Debug\USBFS_UART01.a(LCD.o)
 .debug_ranges  0x00000450       0x38 .\ARM_GCC_541\Debug\USBFS_UART01.a(USBUART_Dp.o)
 .debug_ranges  0x00000488      0x298 .\ARM_GCC_541\Debug\USBFS_UART01.a(CyLib.o)
 .debug_ranges  0x00000720       0x88 .\ARM_GCC_541\Debug\USBFS_UART01.a(cyPm.o)
 .debug_ranges  0x000007a8       0x70 .\ARM_GCC_541\Debug\USBFS_UART01.a(CyScBoostClk.o)
 .debug_ranges  0x00000818       0x10 .\ARM_GCC_541\Debug\USBFS_UART01.a(USBUART_cls.o)
 .debug_ranges  0x00000828       0x80 .\ARM_GCC_541\Debug\USBFS_UART01.a(CyFlash.o)
 .debug_ranges  0x000008a8       0x70 .\ARM_GCC_541\Debug\USBFS_UART01.a(CySpc.o)

.comment        0x00000000       0x6e
 .comment       0x00000000       0x6e .\ARM_GCC_541\Debug\main.o
                                 0x6f (size before relaxing)
 .comment       0x0000006e       0x6f .\ARM_GCC_541\Debug\cyfitter_cfg.o
 .comment       0x0000006e       0x6f .\ARM_GCC_541\Debug\cymetadata.o
 .comment       0x0000006e       0x6f .\ARM_GCC_541\Debug\Cm3Start.o
 .comment       0x0000006e       0x6f .\ARM_GCC_541\Debug\USBFS_UART01.a(USBUART.o)
 .comment       0x0000006e       0x6f .\ARM_GCC_541\Debug\USBFS_UART01.a(USBUART_cdc.o)
 .comment       0x0000006e       0x6f .\ARM_GCC_541\Debug\USBFS_UART01.a(USBUART_drv.o)
 .comment       0x0000006e       0x6f .\ARM_GCC_541\Debug\USBFS_UART01.a(USBUART_episr.o)
 .comment       0x0000006e       0x6f .\ARM_GCC_541\Debug\USBFS_UART01.a(USBUART_hid.o)
 .comment       0x0000006e       0x6f .\ARM_GCC_541\Debug\USBFS_UART01.a(USBUART_pm.o)
 .comment       0x0000006e       0x6f .\ARM_GCC_541\Debug\USBFS_UART01.a(USBUART_std.o)
 .comment       0x0000006e       0x6f .\ARM_GCC_541\Debug\USBFS_UART01.a(USBUART_vnd.o)
 .comment       0x0000006e       0x6f .\ARM_GCC_541\Debug\USBFS_UART01.a(LCD.o)
 .comment       0x0000006e       0x6f .\ARM_GCC_541\Debug\USBFS_UART01.a(USBUART_Dp.o)
 .comment       0x0000006e       0x6f .\ARM_GCC_541\Debug\USBFS_UART01.a(CyLib.o)
 .comment       0x0000006e       0x6f .\ARM_GCC_541\Debug\USBFS_UART01.a(cyPm.o)
 .comment       0x0000006e       0x6f .\ARM_GCC_541\Debug\USBFS_UART01.a(CyScBoostClk.o)
 .comment       0x0000006e       0x6f .\ARM_GCC_541\Debug\USBFS_UART01.a(USBUART_cls.o)
 .comment       0x0000006e       0x6f .\ARM_GCC_541\Debug\USBFS_UART01.a(USBUART_descr.o)
 .comment       0x0000006e       0x6f .\ARM_GCC_541\Debug\USBFS_UART01.a(CyFlash.o)
 .comment       0x0000006e       0x6f .\ARM_GCC_541\Debug\USBFS_UART01.a(CySpc.o)

.debug_weaknames
 *(.debug_weaknames)

.debug_funcnames
 *(.debug_funcnames)

.debug_typenames
 *(.debug_typenames)

.debug_varnames
 *(.debug_varnames)

.note.gnu.arm.ident
 *(.note.gnu.arm.ident)

.ARM.attributes
                0x00000000       0x29
 *(.ARM.attributes)
 .ARM.attributes
                0x00000000       0x1d c:/cypress/psoc creator/4.2/psoc creator/import/gnu/arm/5.4.1/bin/../lib/gcc/arm-none-eabi/5.4.1/armv7-m/crti.o
 .ARM.attributes
                0x0000001d       0x2d c:/cypress/psoc creator/4.2/psoc creator/import/gnu/arm/5.4.1/bin/../lib/gcc/arm-none-eabi/5.4.1/armv7-m/crtbegin.o
 .ARM.attributes
                0x0000004a       0x1b c:/cypress/psoc creator/4.2/psoc creator/import/gnu/arm/5.4.1/bin/../lib/gcc/arm-none-eabi/5.4.1/../../../../arm-none-eabi/lib/armv7-m/crt0.o
 .ARM.attributes
                0x00000065       0x33 .\ARM_GCC_541\Debug\main.o
 .ARM.attributes
                0x00000098       0x33 .\ARM_GCC_541\Debug\cyfitter_cfg.o
 .ARM.attributes
                0x000000cb       0x33 .\ARM_GCC_541\Debug\cymetadata.o
 .ARM.attributes
                0x000000fe       0x33 .\ARM_GCC_541\Debug\Cm3Start.o
 .ARM.attributes
                0x00000131       0x33 .\ARM_GCC_541\Debug\USBFS_UART01.a(USBUART.o)
 .ARM.attributes
                0x00000164       0x33 .\ARM_GCC_541\Debug\USBFS_UART01.a(USBUART_cdc.o)
 .ARM.attributes
                0x00000197       0x33 .\ARM_GCC_541\Debug\USBFS_UART01.a(USBUART_drv.o)
 .ARM.attributes
                0x000001ca       0x33 .\ARM_GCC_541\Debug\USBFS_UART01.a(USBUART_episr.o)
 .ARM.attributes
                0x000001fd       0x33 .\ARM_GCC_541\Debug\USBFS_UART01.a(USBUART_hid.o)
 .ARM.attributes
                0x00000230       0x33 .\ARM_GCC_541\Debug\USBFS_UART01.a(USBUART_pm.o)
 .ARM.attributes
                0x00000263       0x33 .\ARM_GCC_541\Debug\USBFS_UART01.a(USBUART_std.o)
 .ARM.attributes
                0x00000296       0x33 .\ARM_GCC_541\Debug\USBFS_UART01.a(USBUART_vnd.o)
 .ARM.attributes
                0x000002c9       0x33 .\ARM_GCC_541\Debug\USBFS_UART01.a(LCD.o)
 .ARM.attributes
                0x000002fc       0x33 .\ARM_GCC_541\Debug\USBFS_UART01.a(USBUART_Dp.o)
 .ARM.attributes
                0x0000032f       0x33 .\ARM_GCC_541\Debug\USBFS_UART01.a(CyLib.o)
 .ARM.attributes
                0x00000362       0x33 .\ARM_GCC_541\Debug\USBFS_UART01.a(cyPm.o)
 .ARM.attributes
                0x00000395       0x21 .\ARM_GCC_541\Debug\USBFS_UART01.a(CyBootAsmGnu.o)
 .ARM.attributes
                0x000003b6       0x33 .\ARM_GCC_541\Debug\USBFS_UART01.a(CyScBoostClk.o)
 .ARM.attributes
                0x000003e9       0x33 .\ARM_GCC_541\Debug\USBFS_UART01.a(USBUART_cls.o)
 .ARM.attributes
                0x0000041c       0x33 .\ARM_GCC_541\Debug\USBFS_UART01.a(USBUART_descr.o)
 .ARM.attributes
                0x0000044f       0x33 .\ARM_GCC_541\Debug\USBFS_UART01.a(CyFlash.o)
 .ARM.attributes
                0x00000482       0x33 .\ARM_GCC_541\Debug\USBFS_UART01.a(CySpc.o)
 .ARM.attributes
                0x000004b5       0x2d c:/cypress/psoc creator/4.2/psoc creator/import/gnu/arm/5.4.1/bin/../lib/gcc/arm-none-eabi/5.4.1/../../../../arm-none-eabi/lib/armv7-m\libg_nano.a(lib_a-errno.o)
 .ARM.attributes
                0x000004e2       0x2d c:/cypress/psoc creator/4.2/psoc creator/import/gnu/arm/5.4.1/bin/../lib/gcc/arm-none-eabi/5.4.1/../../../../arm-none-eabi/lib/armv7-m\libg_nano.a(lib_a-exit.o)
 .ARM.attributes
                0x0000050f       0x2d c:/cypress/psoc creator/4.2/psoc creator/import/gnu/arm/5.4.1/bin/../lib/gcc/arm-none-eabi/5.4.1/../../../../arm-none-eabi/lib/armv7-m\libg_nano.a(lib_a-impure.o)
 .ARM.attributes
                0x0000053c       0x2d c:/cypress/psoc creator/4.2/psoc creator/import/gnu/arm/5.4.1/bin/../lib/gcc/arm-none-eabi/5.4.1/../../../../arm-none-eabi/lib/armv7-m\libg_nano.a(lib_a-init.o)
 .ARM.attributes
                0x00000569       0x2d c:/cypress/psoc creator/4.2/psoc creator/import/gnu/arm/5.4.1/bin/../lib/gcc/arm-none-eabi/5.4.1/../../../../arm-none-eabi/lib/armv7-m\libg_nano.a(lib_a-memcpy-stub.o)
 .ARM.attributes
                0x00000596       0x2d c:/cypress/psoc creator/4.2/psoc creator/import/gnu/arm/5.4.1/bin/../lib/gcc/arm-none-eabi/5.4.1/../../../../arm-none-eabi/lib/armv7-m\libg_nano.a(lib_a-memset.o)
 .ARM.attributes
                0x000005c3       0x2d c:/cypress/psoc creator/4.2/psoc creator/import/gnu/arm/5.4.1/bin/../lib/gcc/arm-none-eabi/5.4.1/../../../../arm-none-eabi/lib/armv7-m\libg_nano.a(lib_a-nano-vfprintf_float.o)
 .ARM.attributes
                0x000005f0       0x2d c:/cypress/psoc creator/4.2/psoc creator/import/gnu/arm/5.4.1/bin/../lib/gcc/arm-none-eabi/5.4.1/../../../../arm-none-eabi/lib/armv7-m\libg_nano.a(lib_a-nano-vfprintf_i.o)
 .ARM.attributes
                0x0000061d       0x2d c:/cypress/psoc creator/4.2/psoc creator/import/gnu/arm/5.4.1/bin/../lib/gcc/arm-none-eabi/5.4.1/../../../../arm-none-eabi/lib/armv7-m\libg_nano.a(lib_a-sprintf.o)
 .ARM.attributes
                0x0000064a       0x17 c:/cypress/psoc creator/4.2/psoc creator/import/gnu/arm/5.4.1/bin/../lib/gcc/arm-none-eabi/5.4.1/../../../../arm-none-eabi/lib/armv7-m\libg_nano.a(lib_a-strlen.o)
 .ARM.attributes
                0x00000661       0x2d c:/cypress/psoc creator/4.2/psoc creator/import/gnu/arm/5.4.1/bin/../lib/gcc/arm-none-eabi/5.4.1/../../../../arm-none-eabi/lib/armv7-m\libg_nano.a(lib_a-dtoa.o)
 .ARM.attributes
                0x0000068e       0x2d c:/cypress/psoc creator/4.2/psoc creator/import/gnu/arm/5.4.1/bin/../lib/gcc/arm-none-eabi/5.4.1/../../../../arm-none-eabi/lib/armv7-m\libg_nano.a(lib_a-locale.o)
 .ARM.attributes
                0x000006bb       0x2d c:/cypress/psoc creator/4.2/psoc creator/import/gnu/arm/5.4.1/bin/../lib/gcc/arm-none-eabi/5.4.1/../../../../arm-none-eabi/lib/armv7-m\libg_nano.a(lib_a-malloc.o)
 .ARM.attributes
                0x000006e8       0x2d c:/cypress/psoc creator/4.2/psoc creator/import/gnu/arm/5.4.1/bin/../lib/gcc/arm-none-eabi/5.4.1/../../../../arm-none-eabi/lib/armv7-m\libg_nano.a(lib_a-memchr-stub.o)
 .ARM.attributes
                0x00000715       0x2d c:/cypress/psoc creator/4.2/psoc creator/import/gnu/arm/5.4.1/bin/../lib/gcc/arm-none-eabi/5.4.1/../../../../arm-none-eabi/lib/armv7-m\libg_nano.a(lib_a-mprec.o)
 .ARM.attributes
                0x00000742       0x2d c:/cypress/psoc creator/4.2/psoc creator/import/gnu/arm/5.4.1/bin/../lib/gcc/arm-none-eabi/5.4.1/../../../../arm-none-eabi/lib/armv7-m\libg_nano.a(lib_a-nano-callocr.o)
 .ARM.attributes
                0x0000076f       0x2d c:/cypress/psoc creator/4.2/psoc creator/import/gnu/arm/5.4.1/bin/../lib/gcc/arm-none-eabi/5.4.1/../../../../arm-none-eabi/lib/armv7-m\libg_nano.a(lib_a-nano-freer.o)
 .ARM.attributes
                0x0000079c       0x2d c:/cypress/psoc creator/4.2/psoc creator/import/gnu/arm/5.4.1/bin/../lib/gcc/arm-none-eabi/5.4.1/../../../../arm-none-eabi/lib/armv7-m\libg_nano.a(lib_a-nano-mallocr.o)
 .ARM.attributes
                0x000007c9       0x2d c:/cypress/psoc creator/4.2/psoc creator/import/gnu/arm/5.4.1/bin/../lib/gcc/arm-none-eabi/5.4.1/../../../../arm-none-eabi/lib/armv7-m\libg_nano.a(lib_a-nano-svfprintf.o)
 .ARM.attributes
                0x000007f6       0x2d c:/cypress/psoc creator/4.2/psoc creator/import/gnu/arm/5.4.1/bin/../lib/gcc/arm-none-eabi/5.4.1/../../../../arm-none-eabi/lib/armv7-m\libg_nano.a(lib_a-sbrkr.o)
 .ARM.attributes
                0x00000823       0x1b c:/cypress/psoc creator/4.2/psoc creator/import/gnu/arm/5.4.1/bin/../lib/gcc/arm-none-eabi/5.4.1/../../../../arm-none-eabi/lib/armv7-m\libg_nano.a(lib_a-strcmp.o)
 .ARM.attributes
                0x0000083e       0x2d c:/cypress/psoc creator/4.2/psoc creator/import/gnu/arm/5.4.1/bin/../lib/gcc/arm-none-eabi/5.4.1/../../../../arm-none-eabi/lib/armv7-m\libg_nano.a(lib_a-memmove.o)
 .ARM.attributes
                0x0000086b       0x2d c:/cypress/psoc creator/4.2/psoc creator/import/gnu/arm/5.4.1/bin/../lib/gcc/arm-none-eabi/5.4.1/../../../../arm-none-eabi/lib/armv7-m\libg_nano.a(lib_a-mlock.o)
 .ARM.attributes
                0x00000898       0x2d c:/cypress/psoc creator/4.2/psoc creator/import/gnu/arm/5.4.1/bin/../lib/gcc/arm-none-eabi/5.4.1/../../../../arm-none-eabi/lib/armv7-m\libg_nano.a(lib_a-nano-reallocr.o)
 .ARM.attributes
                0x000008c5       0x2d c:/cypress/psoc creator/4.2/psoc creator/import/gnu/arm/5.4.1/bin/../lib/gcc/arm-none-eabi/5.4.1/../../../../arm-none-eabi/lib/armv7-m\libg_nano.a(lib_a-reent.o)
 .ARM.attributes
                0x000008f2       0x2d c:/cypress/psoc creator/4.2/psoc creator/import/gnu/arm/5.4.1/bin/../lib/gcc/arm-none-eabi/5.4.1/../../../../arm-none-eabi/lib/armv7-m\libg_nano.a(lib_a-nano-msizer.o)
 .ARM.attributes
                0x0000091f       0x1d c:/cypress/psoc creator/4.2/psoc creator/import/gnu/arm/5.4.1/bin/../lib/gcc/arm-none-eabi/5.4.1/armv7-m\libgcc.a(_arm_addsubdf3.o)
 .ARM.attributes
                0x0000093c       0x1d c:/cypress/psoc creator/4.2/psoc creator/import/gnu/arm/5.4.1/bin/../lib/gcc/arm-none-eabi/5.4.1/armv7-m\libgcc.a(_arm_muldivdf3.o)
 .ARM.attributes
                0x00000959       0x1d c:/cypress/psoc creator/4.2/psoc creator/import/gnu/arm/5.4.1/bin/../lib/gcc/arm-none-eabi/5.4.1/armv7-m\libgcc.a(_arm_cmpdf2.o)
 .ARM.attributes
                0x00000976       0x1d c:/cypress/psoc creator/4.2/psoc creator/import/gnu/arm/5.4.1/bin/../lib/gcc/arm-none-eabi/5.4.1/armv7-m\libgcc.a(_arm_unorddf2.o)
 .ARM.attributes
                0x00000993       0x1d c:/cypress/psoc creator/4.2/psoc creator/import/gnu/arm/5.4.1/bin/../lib/gcc/arm-none-eabi/5.4.1/armv7-m\libgcc.a(_arm_fixdfsi.o)
 .ARM.attributes
                0x000009b0       0x2d c:/cypress/psoc creator/4.2/psoc creator/import/gnu/arm/5.4.1/bin/../lib/gcc/arm-none-eabi/5.4.1/armv7-m/crtend.o
 .ARM.attributes
                0x000009dd       0x1d c:/cypress/psoc creator/4.2/psoc creator/import/gnu/arm/5.4.1/bin/../lib/gcc/arm-none-eabi/5.4.1/armv7-m/crtn.o

/DISCARD/
 *(.note.GNU-stack)
OUTPUT(C:\PSoC\USBFS_UART01\USBFS_UART01.cydsn\ARM_GCC_541\Debug\USBFS_UART01.elf elf32-littlearm)
